Component: ARM Compiler 5.06 update 6 (build 750) Tool: armlink [4d35ed]

==============================================================================

Section Cross References

    main.o(i.JTAGDisable) refers to stm32f10x_rcc.o(i.RCC_APB2PeriphClockCmd) for RCC_APB2PeriphClockCmd
    main.o(i.JTAGDisable) refers to stm32f10x_gpio.o(i.GPIO_PinRemapConfig) for GPIO_PinRemapConfig
    main.o(i.main) refers to led.o(i.LED_Init) for LED_Init
    main.o(i.main) refers to delay.o(i.delay_init) for delay_init
    main.o(i.main) refers to control.o(i.TIM1_PWM_Init) for TIM1_PWM_Init
    main.o(i.main) refers to main.o(i.JTAGDisable) for JTAGDisable
    main.o(i.main) refers to misc.o(i.NVIC_PriorityGroupConfig) for NVIC_PriorityGroupConfig
    main.o(i.main) refers to adc.o(i.Adc_Init) for Adc_Init
    main.o(i.main) refers to encoder.o(i.Encoder_TIM4_Init) for Encoder_TIM4_Init
    main.o(i.main) refers to encoder.o(i.Encoder_TIM2_Init) for Encoder_TIM2_Init
    main.o(i.main) refers to control.o(i.INinit) for INinit
    main.o(i.main) refers to wifi.o(i.uart1_init) for uart1_init
    main.o(i.main) refers to rt_memclr.o(.text) for __aeabi_memclr
    main.o(i.main) refers to menu.o(i.menu_int) for menu_int
    main.o(i.main) refers to oled.o(i.OLED_Init) for OLED_Init
    main.o(i.main) refers to solgui_common.o(i.SOLGUI_Refresh) for SOLGUI_Refresh
    main.o(i.main) refers to timer.o(i.TIM3_Int_Init) for TIM3_Int_Init
    main.o(i.main) refers to fflt_clz.o(x$fpl$ffltu) for __aeabi_ui2f
    main.o(i.main) refers to solgui_menu.o(i.SOLGUI_Menu_PageStage) for SOLGUI_Menu_PageStage
    main.o(i.main) refers to test.o(i.bluetooth_check) for bluetooth_check
    main.o(i.main) refers to wifi.o(.bss) for USART_RX_BUF1
    main.o(i.main) refers to main.o(.data) for Adc2_org
    menu.o(i._FirstPage) refers to solgui_widget.o(i.SOLGUI_Cursor) for SOLGUI_Cursor
    menu.o(i._FirstPage) refers to f2d.o(x$fpl$f2d) for __aeabi_f2d
    menu.o(i._FirstPage) refers to solgui_widget.o(i.SOLGUI_Widget_OptionText) for SOLGUI_Widget_OptionText
    menu.o(i._FirstPage) refers to main.o(.data) for roll
    menu.o(i.menu_int) refers to solgui_common.o(i.SOLGUI_Init) for SOLGUI_Init
    menu.o(i.menu_int) refers to menu.o(.data) for FirstPage
    menu.o(.data) refers to menu.o(.conststring) for .conststring
    menu.o(.data) refers to menu.o(i._FirstPage) for _FirstPage
    menu.o(.data) refers to menu.o(i._MODE1) for _MODE1
    menu.o(.data) refers to menu.o(i._MODE2) for _MODE2
    oled.o(i.OLED_Clear) refers to oled.o(i.OLED_WR_Byte) for OLED_WR_Byte
    oled.o(i.OLED_Display_Off) refers to oled.o(i.OLED_WR_Byte) for OLED_WR_Byte
    oled.o(i.OLED_Display_On) refers to oled.o(i.OLED_WR_Byte) for OLED_WR_Byte
    oled.o(i.OLED_DrawBMP) refers to oled.o(i.OLED_Set_Pos) for OLED_Set_Pos
    oled.o(i.OLED_DrawBMP) refers to oled.o(i.OLED_WR_Byte) for OLED_WR_Byte
    oled.o(i.OLED_FillScreen) refers to oled.o(i.OLED_WR_Byte) for OLED_WR_Byte
    oled.o(i.OLED_Init) refers to stm32f10x_rcc.o(i.RCC_APB2PeriphClockCmd) for RCC_APB2PeriphClockCmd
    oled.o(i.OLED_Init) refers to stm32f10x_gpio.o(i.GPIO_Init) for GPIO_Init
    oled.o(i.OLED_Init) refers to stm32f10x_gpio.o(i.GPIO_SetBits) for GPIO_SetBits
    oled.o(i.OLED_Init) refers to delay.o(i.delay_ms) for delay_ms
    oled.o(i.OLED_Init) refers to stm32f10x_gpio.o(i.GPIO_ResetBits) for GPIO_ResetBits
    oled.o(i.OLED_Init) refers to oled.o(i.OLED_WR_Byte) for OLED_WR_Byte
    oled.o(i.OLED_Init) refers to oled.o(i.OLED_Clear) for OLED_Clear
    oled.o(i.OLED_Init) refers to oled.o(i.OLED_Set_Pos) for OLED_Set_Pos
    oled.o(i.OLED_Set_Pos) refers to oled.o(i.OLED_WR_Byte) for OLED_WR_Byte
    oled.o(i.OLED_ShowCHinese) refers to oled.o(i.OLED_Set_Pos) for OLED_Set_Pos
    oled.o(i.OLED_ShowCHinese) refers to oled.o(i.OLED_WR_Byte) for OLED_WR_Byte
    oled.o(i.OLED_ShowCHinese) refers to oled.o(.data) for Hzk
    oled.o(i.OLED_ShowChar) refers to oled.o(i.OLED_Set_Pos) for OLED_Set_Pos
    oled.o(i.OLED_ShowChar) refers to oled.o(i.OLED_WR_Byte) for OLED_WR_Byte
    oled.o(i.OLED_ShowChar) refers to oled.o(.constdata) for F6x8
    oled.o(i.OLED_ShowNum) refers to oled.o(i.oled_pow) for oled_pow
    oled.o(i.OLED_ShowNum) refers to oled.o(i.OLED_ShowChar) for OLED_ShowChar
    oled.o(i.OLED_ShowString) refers to oled.o(i.OLED_ShowChar) for OLED_ShowChar
    oled.o(i.OLED_WR_Byte) refers to stm32f10x_gpio.o(i.GPIO_SetBits) for GPIO_SetBits
    oled.o(i.OLED_WR_Byte) refers to stm32f10x_gpio.o(i.GPIO_ResetBits) for GPIO_ResetBits
    led.o(i.LED_Init) refers to stm32f10x_rcc.o(i.RCC_APB2PeriphClockCmd) for RCC_APB2PeriphClockCmd
    led.o(i.LED_Init) refers to stm32f10x_gpio.o(i.GPIO_Init) for GPIO_Init
    led.o(i.LED_Init) refers to stm32f10x_gpio.o(i.GPIO_SetBits) for GPIO_SetBits
    stmflash.o(i.STMFLASH_Read) refers to stmflash.o(i.STMFLASH_ReadHalfWord) for STMFLASH_ReadHalfWord
    stmflash.o(i.STMFLASH_Write) refers to stm32f10x_flash.o(i.FLASH_Unlock) for FLASH_Unlock
[...]
    i.RCC_ADCCLKConfig                       0x08000f14   Section        0  stm32f10x_rcc.o(i.RCC_ADCCLKConfig)
    i.RCC_APB1PeriphClockCmd                 0x08000f2c   Section        0  stm32f10x_rcc.o(i.RCC_APB1PeriphClockCmd)
    i.RCC_APB2PeriphClockCmd                 0x08000f4c   Section        0  stm32f10x_rcc.o(i.RCC_APB2PeriphClockCmd)
    i.RCC_APB2PeriphResetCmd                 0x08000f6c   Section        0  stm32f10x_rcc.o(i.RCC_APB2PeriphResetCmd)
    i.RCC_GetClocksFreq                      0x08000f8c   Section        0  stm32f10x_rcc.o(i.RCC_GetClocksFreq)
    i.Read_Speed                             0x08001060   Section        0  encoder.o(i.Read_Speed)
    i.SOLGUI_Clean                           0x080010a4   Section        0  solgui_common.o(i.SOLGUI_Clean)
    i.SOLGUI_Cursor                          0x080010b8   Section        0  solgui_widget.o(i.SOLGUI_Cursor)
    i.SOLGUI_DrawPoint                       0x08001318   Section        0  solgui_common.o(i.SOLGUI_DrawPoint)
    i.SOLGUI_GBasic_Line                     0x08001370   Section        0  solgui_gbasic.o(i.SOLGUI_GBasic_Line)
    i.SOLGUI_GBasic_Rectangle                0x08001456   Section        0  solgui_gbasic.o(i.SOLGUI_GBasic_Rectangle)
    i.SOLGUI_GetCurrentKey                   0x08001518   Section        0  solgui_menu.o(i.SOLGUI_GetCurrentKey)
    i.SOLGUI_Hardware_FillScreen             0x08001524   Section        0  solgui_hardware.o(i.SOLGUI_Hardware_FillScreen)
    i.SOLGUI_Hardware_Init                   0x08001530   Section        0  solgui_hardware.o(i.SOLGUI_Hardware_Init)
    i.SOLGUI_Init                            0x08001540   Section        0  solgui_common.o(i.SOLGUI_Init)
    i.SOLGUI_Menu_PageStage                  0x08001560   Section        0  solgui_menu.o(i.SOLGUI_Menu_PageStage)
    i.SOLGUI_Menu_SetHomePage                0x080015bc   Section        0  solgui_menu.o(i.SOLGUI_Menu_SetHomePage)
    i.SOLGUI_Menu_Title                      0x080015d0   Section        0  solgui_menu.o(i.SOLGUI_Menu_Title)
    i.SOLGUI_PutChar                         0x08001650   Section        0  solgui_printf.o(i.SOLGUI_PutChar)
    i.SOLGUI_PutString                       0x080016f4   Section        0  solgui_printf.o(i.SOLGUI_PutString)
    i.SOLGUI_Refresh                         0x0800172c   Section        0  solgui_common.o(i.SOLGUI_Refresh)
    i.SOLGUI_SwitchFont                      0x08001740   Section        0  solgui_printf.o(i.SOLGUI_SwitchFont)
    i.SOLGUI_Widget_OptionText               0x0800176c   Section        0  solgui_widget.o(i.SOLGUI_Widget_OptionText)
    i.SOLGUI_printf                          0x080017bc   Section        0  solgui_printf.o(i.SOLGUI_printf)
    i.SVC_Handler                            0x080017e4   Section        0  stm32f10x_it.o(i.SVC_Handler)
    i.SetSysClock                            0x080017e6   Section        0  system_stm32f10x.o(i.SetSysClock)
    SetSysClock                              0x080017e7   Thumb Code     8  system_stm32f10x.o(i.SetSysClock)
    i.SetSysClockTo72                        0x080017f0   Section        0  system_stm32f10x.o(i.SetSysClockTo72)
    SetSysClockTo72                          0x080017f1   Thumb Code   214  system_stm32f10x.o(i.SetSysClockTo72)
    i.SysTick_CLKSourceConfig                0x080018d0   Section        0  misc.o(i.SysTick_CLKSourceConfig)
    i.SysTick_Handler                        0x080018f8   Section        0  stm32f10x_it.o(i.SysTick_Handler)
    i.SystemInit                             0x080018fc   Section        0  system_stm32f10x.o(i.SystemInit)
    i.TI1_Config                             0x0800195c   Section        0  stm32f10x_tim.o(i.TI1_Config)
    TI1_Config                               0x0800195d   Thumb Code   108  stm32f10x_tim.o(i.TI1_Config)
    i.TI2_Config                             0x080019dc   Section        0  stm32f10x_tim.o(i.TI2_Config)
    TI2_Config                               0x080019dd   Thumb Code   130  stm32f10x_tim.o(i.TI2_Config)
    i.TI3_Config                             0x08001a74   Section        0  stm32f10x_tim.o(i.TI3_Config)
    TI3_Config                               0x08001a75   Thumb Code   122  stm32f10x_tim.o(i.TI3_Config)
    i.TI4_Config                             0x08001b04   Section        0  stm32f10x_tim.o(i.TI4_Config)
    TI4_Config                               0x08001b05   Thumb Code   130  stm32f10x_tim.o(i.TI4_Config)
    i.TIM1_PWM_Init                          0x08001b9c   Section        0  control.o(i.TIM1_PWM_Init)
    i.TIM2_IRQHandler                        0x08001c64   Section        0  encoder.o(i.TIM2_IRQHandler)
    i.TIM3_IRQHandler                        0x08001c7c   Section        0  control.o(i.TIM3_IRQHandler)
    i.TIM3_Int_Init                          0x08001f14   Section        0  timer.o(i.TIM3_Int_Init)
    i.TIM4_IRQHandler                        0x08001f70   Section        0  encoder.o(i.TIM4_IRQHandler)
    i.TIM_ARRPreloadConfig                   0x08001f8c   Section        0  stm32f10x_tim.o(i.TIM_ARRPreloadConfig)
    i.TIM_ClearFlag                          0x08001fa4   Section        0  stm32f10x_tim.o(i.TIM_ClearFlag)
    i.TIM_ClearITPendingBit                  0x08001faa   Section        0  stm32f10x_tim.o(i.TIM_ClearITPendingBit)
    i.TIM_Cmd                                0x08001fb0   Section        0  stm32f10x_tim.o(i.TIM_Cmd)
    i.TIM_CtrlPWMOutputs                     0x08001fc8   Section        0  stm32f10x_tim.o(i.TIM_CtrlPWMOutputs)
    i.TIM_EncoderInterfaceConfig             0x08001fe6   Section        0  stm32f10x_tim.o(i.TIM_EncoderInterfaceConfig)
    i.TIM_GetCounter                         0x08002028   Section        0  stm32f10x_tim.o(i.TIM_GetCounter)
    i.TIM_GetITStatus                        0x0800202e   Section        0  stm32f10x_tim.o(i.TIM_GetITStatus)
    i.TIM_ICInit                             0x08002050   Section        0  stm32f10x_tim.o(i.TIM_ICInit)
    i.TIM_ICStructInit                       0x080020fc   Section        0  stm32f10x_tim.o(i.TIM_ICStructInit)
    i.TIM_ITConfig                           0x0800210e   Section        0  stm32f10x_tim.o(i.TIM_ITConfig)
    i.TIM_OC1Init                            0x08002120   Section        0  stm32f10x_tim.o(i.TIM_OC1Init)
    i.TIM_OC1PreloadConfig                   0x080021b8   Section        0  stm32f10x_tim.o(i.TIM_OC1PreloadConfig)
    i.TIM_OC4Init                            0x080021cc   Section        0  stm32f10x_tim.o(i.TIM_OC4Init)
    i.TIM_OC4PreloadConfig                   0x08002248   Section        0  stm32f10x_tim.o(i.TIM_OC4PreloadConfig)
    i.TIM_SetCompare1                        0x08002262   Section        0  stm32f10x_tim.o(i.TIM_SetCompare1)
    i.TIM_SetCompare4                        0x08002266   Section        0  stm32f10x_tim.o(i.TIM_SetCompare4)
    i.TIM_SetCounter                         0x0800226c   Section        0  stm32f10x_tim.o(i.TIM_SetCounter)
    i.TIM_SetIC1Prescaler                    0x08002270   Section        0  stm32f10x_tim.o(i.TIM_SetIC1Prescaler)
    i.TIM_SetIC2Prescaler                    0x08002282   Section        0  stm32f10x_tim.o(i.TIM_SetIC2Prescaler)
    i.TIM_SetIC3Prescaler                    0x0800229c   Section        0  stm32f10x_tim.o(i.TIM_SetIC3Prescaler)
    i.TIM_SetIC4Prescaler                    0x080022ae   Section        0  stm32f10x_tim.o(i.TIM_SetIC4Prescaler)
    i.TIM_TimeBaseInit                       0x080022c8   Section        0  stm32f10x_tim.o(i.TIM_TimeBaseInit)
    i.TIM_TimeBaseStructInit                 0x0800236c   Section        0  stm32f10x_tim.o(i.TIM_TimeBaseStructInit)
    i.USART1_IRQHandler                      0x08002380   Section        0  wifi.o(i.USART1_IRQHandler)
    i.USART_Cmd                              0x08002408   Section        0  stm32f10x_usart.o(i.USART_Cmd)
    i.USART_GetITStatus                      0x08002420   Section        0  stm32f10x_usart.o(i.USART_GetITStatus)
    i.USART_ITConfig                         0x08002474   Section        0  stm32f10x_usart.o(i.USART_ITConfig)
    i.USART_Init                             0x080024c0   Section        0  stm32f10x_usart.o(i.USART_Init)
    i.USART_ReceiveData                      0x08002598   Section        0  stm32f10x_usart.o(i.USART_ReceiveData)
    i.UsageFault_Handler                     0x080025a2   Section        0  stm32f10x_it.o(i.UsageFault_Handler)
    i.Velocity                               0x080025a8   Section        0  control.o(i.Velocity)
    i.Vertical                               0x08002694   Section        0  control.o(i.Vertical)
    i._FirstPage                             0x080026fc   Section        0  menu.o(i._FirstPage)
    i._LineModes                             0x08002794   Section        0  solgui_gbasic.o(i._LineModes)
    i._MODE1                                 0x08002812   Section        0  menu.o(i._MODE1)
    i._MODE2                                 0x08002814   Section        0  menu.o(i._MODE2)
    i._OptionsDisplay_Judge                  0x08002818   Section        0  solgui_widget.o(i._OptionsDisplay_Judge)
    i._OptionsDisplay_coorY                  0x08002844   Section        0  solgui_widget.o(i._OptionsDisplay_coorY)
    i.__SOLGUI_printf                        0x08002860   Section        0  solgui_printf.o(i.__SOLGUI_printf)
    i._sys_exit                              0x08002d34   Section        0  usart.o(i._sys_exit)
    i.bluetooth_check                        0x08002d38   Section        0  test.o(i.bluetooth_check)
    i.delay_init                             0x08003150   Section        0  delay.o(i.delay_init)
    i.delay_ms                               0x08003194   Section        0  delay.o(i.delay_ms)
    i.left_back                              0x080031e0   Section        0  control.o(i.left_back)
    i.left_forward                           0x08003208   Section        0  control.o(i.left_forward)
    i.main                                   0x08003230   Section        0  main.o(i.main)
    i.menu_int                               0x080032ac   Section        0  menu.o(i.menu_int)
    i.middle_check                           0x080032bc   Section        0  test.o(i.middle_check)
    i.rat2_check                             0x080032d0   Section        0  test.o(i.rat2_check)
    i.rat_check                              0x0800337c   Section        0  test.o(i.rat_check)
    i.right_back                             0x08003430   Section        0  control.o(i.right_back)
    i.right_forward                          0x08003458   Section        0  control.o(i.right_forward)
    i.uart1_init                             0x08003480   Section        0  wifi.o(i.uart1_init)
    x$fpl$d2f                                0x08003520   Section       98  d2f.o(x$fpl$d2f)
    x$fpl$dadd                               0x08003584   Section      336  daddsub_clz.o(x$fpl$dadd)
    _dadd1                                   0x08003595   Thumb Code     0  daddsub_clz.o(x$fpl$dadd)
    x$fpl$dcmpinf                            0x080036d4   Section       24  dcmpi.o(x$fpl$dcmpinf)
    x$fpl$ddiv                               0x080036ec   Section      688  ddiv.o(x$fpl$ddiv)
    ddiv_entry                               0x080036f3   Thumb Code     0  ddiv.o(x$fpl$ddiv)
    x$fpl$dfix                               0x0800399c   Section       94  dfix.o(x$fpl$dfix)
    x$fpl$dfixu                              0x080039fc   Section       90  dfixu.o(x$fpl$dfixu)
    x$fpl$dflt                               0x08003a56   Section       46  dflt_clz.o(x$fpl$dflt)
    x$fpl$dfltu                              0x08003a84   Section       38  dflt_clz.o(x$fpl$dfltu)
    x$fpl$dleqf                              0x08003aac   Section      120  dleqf.o(x$fpl$dleqf)
    x$fpl$dmul                               0x08003b24   Section      340  dmul.o(x$fpl$dmul)
    x$fpl$dnaninf                            0x08003c78   Section      156  dnaninf.o(x$fpl$dnaninf)
    x$fpl$dretinf                            0x08003d14   Section       12  dretinf.o(x$fpl$dretinf)
    x$fpl$drleqf                             0x08003d20   Section      108  drleqf.o(x$fpl$drleqf)
    x$fpl$drsb                               0x08003d8c   Section       22  daddsub_clz.o(x$fpl$drsb)
    x$fpl$dsub                               0x08003da4   Section      468  daddsub_clz.o(x$fpl$dsub)
    _dsub1                                   0x08003db5   Thumb Code     0  daddsub_clz.o(x$fpl$dsub)
    x$fpl$f2d                                0x08003f78   Section       86  f2d.o(x$fpl$f2d)
    x$fpl$fadd                               0x08003fd0   Section      196  faddsub_clz.o(x$fpl$fadd)
    _fadd1                                   0x08003fdf   Thumb Code     0  faddsub_clz.o(x$fpl$fadd)
    x$fpl$fcmpinf                            0x08004094   Section       24  fcmpi.o(x$fpl$fcmpinf)
    x$fpl$fdiv                               0x080040ac   Section      388  fdiv.o(x$fpl$fdiv)
    _fdiv1                                   0x080040ad   Thumb Code     0  fdiv.o(x$fpl$fdiv)
    x$fpl$ffix                               0x08004230   Section       54  ffix.o(x$fpl$ffix)
    x$fpl$fflt                               0x08004268   Section       48  fflt_clz.o(x$fpl$fflt)
    x$fpl$ffltu                              0x08004298   Section       38  fflt_clz.o(x$fpl$ffltu)
    x$fpl$fleqf                              0x080042c0   Section      104  fleqf.o(x$fpl$fleqf)
    x$fpl$fmul                               0x08004328   Section      258  fmul.o(x$fpl$fmul)
    x$fpl$fnaninf                            0x0800442a   Section      140  fnaninf.o(x$fpl$fnaninf)
    x$fpl$fretinf                            0x080044b6   Section       10  fretinf.o(x$fpl$fretinf)
    x$fpl$frleqf                             0x080044c0   Section       98  frleqf.o(x$fpl$frleqf)
    x$fpl$fsub                               0x08004524   Section      234  faddsub_clz.o(x$fpl$fsub)
    _fsub1                                   0x08004533   Thumb Code     0  faddsub_clz.o(x$fpl$fsub)
    .constdata                               0x0800460e   Section      848  font6x8_ascii.o(.constdata)
    x$fpl$usenofp                            0x0800460e   Section        0  usenofp.o(x$fpl$usenofp)
    .conststring                             0x08004960   Section       27  menu.o(.conststring)
    .data                                    0x20000000   Section      120  main.o(.data)
    .data                                    0x20000078   Section       36  menu.o(.data)
    .data                                    0x2000009c   Section       64  control.o(.data)
    Position_Bias                            0x2000009c   Data           4  control.o(.data)
    Last_Position                            0x200000a0   Data           4  control.o(.data)
    Last_Bias                                0x200000a4   Data           4  control.o(.data)
    D_Bias                                   0x200000a8   Data           4  control.o(.data)
    Position_PWM                             0x200000ac   Data           4  control.o(.data)
    Position_Differential                    0x200000b0   Data           4  control.o(.data)
    Position_Least                           0x200000b4   Data           4  control.o(.data)
    pos_SumError                             0x200000b8   Data           4  control.o(.data)
    pos_LastError                            0x200000bc   Data           4  control.o(.data)
    iError                                   0x200000c0   Data           4  control.o(.data)
    dError                                   0x200000c4   Data           4  control.o(.data)
    Last_angle                               0x200000c8   Data           4  control.o(.data)
    ReadSpeed_5                              0x200000cc   Data           1  control.o(.data)
    FlagSpeed                                0x200000cd   Data           1  control.o(.data)
    Last_roll                                0x200000d0   Data           4  control.o(.data)
    speed_count                              0x200000d4   Data           4  control.o(.data)
    count                                    0x200000d8   Data           4  control.o(.data)
    .data                                    0x200000dc   Section        2  wifi.o(.data)
    .data                                    0x200000de   Section        4  delay.o(.data)
    fac_us                                   0x200000de   Data           1  delay.o(.data)
    fac_ms                                   0x200000e0   Data           2  delay.o(.data)
    .data                                    0x200000e2   Section       20  stm32f10x_rcc.o(.data)
    APBAHBPrescTable                         0x200000e2   Data          16  stm32f10x_rcc.o(.data)
    ADCPrescTable                            0x200000f2   Data           4  stm32f10x_rcc.o(.data)
    .data                                    0x200000f8   Section       13  solgui_menu.o(.data)
    .data                                    0x20000108   Section        8  solgui_printf.o(.data)
    .data                                    0x20000110   Section        9  solgui_widget.o(.data)
    spin_pos                                 0x20000118   Data           1  solgui_widget.o(.data)
    .data                                    0x2000011c   Section       20  system_stm32f10x.o(.data)
    .bss                                     0x20000130   Section      400  wifi.o(.bss)
    .bss                                     0x200002c0   Section     1024  solgui_common.o(.bss)
    .bss                                     0x200006c0   Section       28  solgui_widget.o(.bss)
    .bss                                     0x200006dc   Section       96  libspace.o(.bss)
    HEAP                                     0x20000740   Section      512  startup_stm32f10x_md.o(HEAP)
    Heap_Mem                                 0x20000740   Data         512  startup_stm32f10x_md.o(HEAP)
    STACK                                    0x20000940   Section     1024  startup_stm32f10x_md.o(STACK)
    Stack_Mem                                0x20000940   Data        1024  startup_stm32f10x_md.o(STACK)
    __initial_sp                             0x20000d40   Data           0  startup_stm32f10x_md.o(STACK)

    Global Symbols

    Symbol Name                              Value     Ov Type        Size  Object(Section)

    BuildAttributes$$THM_ISAv4$P$D$K$B$S$PE$A:L22UL41UL21$X:L11$S22US41US21$IEEE1$IW$USESV6$~STKCKD$USESV7$~SHL$OTIME$ROPI$IEEEX$EBA8$UX$STANDARDLIB$REQ8$PRES8$EABIv2 0x00000000   Number         0  anon$$obj.o ABSOLUTE
    __ARM_use_no_argv                        0x00000000   Number         0  main.o ABSOLUTE
    _printf_flags                            0x00000000   Number         0  printf_stubs.o ABSOLUTE
    _printf_return_value                     0x00000000   Number         0  printf_stubs.o ABSOLUTE
    _printf_sizespec                         0x00000000   Number         0  printf_stubs.o ABSOLUTE
    _printf_widthprec                        0x00000000   Number         0  printf_stubs.o ABSOLUTE
    __ARM_exceptions_init                     - Undefined Weak Reference
    __alloca_initialize                       - Undefined Weak Reference
    __arm_preinit_                            - Undefined Weak Reference
    __cpp_initialize__aeabi_                  - Undefined Weak Reference
    __cxa_finalize                            - Undefined Weak Reference
    __rt_locale                               - Undefined Weak Reference
    __sigvec_lookup                           - Undefined Weak Reference
    _atexit_init                              - Undefined Weak Reference
    _call_atexit_fns                          - Undefined Weak Reference
    _clock_init                               - Undefined Weak Reference
    _fp_trap_init                             - Undefined Weak Reference
    _fp_trap_shutdown                         - Undefined Weak Reference
    _get_lc_collate                           - Undefined Weak Reference
    _get_lc_ctype                             - Undefined Weak Reference
    _get_lc_monetary                          - Undefined Weak Reference
    _get_lc_numeric                           - Undefined Weak Reference
    _get_lc_time                              - Undefined Weak Reference
    _getenv_init                              - Undefined Weak Reference
    _handle_redirection                       - Undefined Weak Reference
    _init_alloc                               - Undefined Weak Reference
    _init_user_alloc                          - Undefined Weak Reference
    _initio                                   - Undefined Weak Reference
    _mutex_acquire                            - Undefined Weak Reference
    _mutex_release                            - Undefined Weak Reference
    _printf_mbtowc                            - Undefined Weak Reference
    _printf_truncate_signed                   - Undefined Weak Reference
    _printf_truncate_unsigned                 - Undefined Weak Reference
    _rand_init                                - Undefined Weak Reference
    _signal_finish                            - Undefined Weak Reference
    _signal_init                              - Undefined Weak Reference
    _terminate_alloc                          - Undefined Weak Reference
    _terminate_user_alloc                     - Undefined Weak Reference
    _terminateio                              - Undefined Weak Reference
    __Vectors_Size                           0x000000ec   Number         0  startup_stm32f10x_md.o ABSOLUTE
    __Vectors                                0x08000000   Data           4  startup_stm32f10x_md.o(RESET)
    __Vectors_End                            0x080000ec   Data           0  startup_stm32f10x_md.o(RESET)
    __main                                   0x080000ed   Thumb Code     8  __main.o(!!!main)
    __scatterload                            0x080000f5   Thumb Code     0  __scatter.o(!!!scatter)
    __scatterload_rt2                        0x080000f5   Thumb Code    44  __scatter.o(!!!scatter)
    __scatterload_rt2_thumb_only             0x080000f5   Thumb Code     0  __scatter.o(!!!scatter)
    __scatterload_null                       0x08000103   Thumb Code     0  __scatter.o(!!!scatter)
    __decompress                             0x08000129   Thumb Code    90  __dczerorl2.o(!!dczerorl2)
    __decompress1                            0x08000129   Thumb Code     0  __dczerorl2.o(!!dczerorl2)
    __scatterload_zeroinit                   0x08000185   Thumb Code    28  __scatter_zi.o(!!handler_zi)
    __rt_lib_init                            0x080001a1   Thumb Code     0  libinit.o(.ARM.Collect$$libinit$$00000000)
    __rt_lib_init_alloca_1                   0x080001a3   Thumb Code     0  libinit2.o(.ARM.Collect$$libinit$$0000002E)
    __rt_lib_init_argv_1                     0x080001a3   Thumb Code     0  libinit2.o(.ARM.Collect$$libinit$$0000002C)
    __rt_lib_init_atexit_1                   0x080001a3   Thumb Code     0  libinit2.o(.ARM.Collect$$libinit$$0000001B)
    __rt_lib_init_clock_1                    0x080001a3   Thumb Code     0  libinit2.o(.ARM.Collect$$libinit$$00000021)
    __rt_lib_init_cpp_1                      0x080001a3   Thumb Code     0  libinit2.o(.ARM.Collect$$libinit$$00000032)
    __rt_lib_init_exceptions_1               0x080001a3   Thumb Code     0  libinit2.o(.ARM.Collect$$libinit$$00000030)
    __rt_lib_init_fp_1                       0x080001a3   Thumb Code     0  libinit2.o(.ARM.Collect$$libinit$$00000002)
    __rt_lib_init_fp_trap_1                  0x080001a3   Thumb Code     0  libinit2.o(.ARM.Collect$$libinit$$0000001F)
    __rt_lib_init_getenv_1                   0x080001a3   Thumb Code     0  libinit2.o(.ARM.Collect$$libinit$$00000023)
    __rt_lib_init_heap_1                     0x080001a3   Thumb Code     0  libinit2.o(.ARM.Collect$$libinit$$0000000A)
    __rt_lib_init_lc_collate_1               0x080001a3   Thumb Code     0  libinit2.o(.ARM.Collect$$libinit$$00000011)
    __rt_lib_init_lc_ctype_1                 0x080001a3   Thumb Code     0  libinit2.o(.ARM.Collect$$libinit$$00000013)
    __rt_lib_init_lc_monetary_1              0x080001a3   Thumb Code     0  libinit2.o(.ARM.Collect$$libinit$$00000015)
    __rt_lib_init_lc_numeric_1               0x080001a3   Thumb Code     0  libinit2.o(.ARM.Collect$$libinit$$00000017)
    __rt_lib_init_lc_time_1                  0x080001a3   Thumb Code     0  libinit2.o(.ARM.Collect$$libinit$$00000019)
    __rt_lib_init_preinit_1                  0x080001a3   Thumb Code     0  libinit2.o(.ARM.Collect$$libinit$$00000004)
    __rt_lib_init_rand_1                     0x080001a3   Thumb Code     0  libinit2.o(.ARM.Collect$$libinit$$0000000E)
    __rt_lib_init_return                     0x080001a3   Thumb Code     0  libinit2.o(.ARM.Collect$$libinit$$00000033)
    __rt_lib_init_signal_1                   0x080001a3   Thumb Code     0  libinit2.o(.ARM.Collect$$libinit$$0000001D)
    __rt_lib_init_stdio_1                    0x080001a3   Thumb Code     0  libinit2.o(.ARM.Collect$$libinit$$00000025)
    __rt_lib_init_user_alloc_1               0x080001a3   Thumb Code     0  libinit2.o(.ARM.Collect$$libinit$$0000000C)
    __rt_lib_shutdown                        0x080001a5   Thumb Code     0  libshutdown.o(.ARM.Collect$$libshutdown$$00000000)
    __rt_lib_shutdown_cpp_1                  0x080001a7   Thumb Code     0  libshutdown2.o(.ARM.Collect$$libshutdown$$00000002)
    __rt_lib_shutdown_fp_trap_1              0x080001a7   Thumb Code     0  libshutdown2.o(.ARM.Collect$$libshutdown$$00000007)
    __rt_lib_shutdown_heap_1                 0x080001a7   Thumb Code     0  libshutdown2.o(.ARM.Collect$$libshutdown$$0000000F)
    __rt_lib_shutdown_return                 0x080001a7   Thumb Code     0  libshutdown2.o(.ARM.Collect$$libshutdown$$00000010)
    __rt_lib_shutdown_signal_1               0x080001a7   Thumb Code     0  libshutdown2.o(.ARM.Collect$$libshutdown$$0000000A)
    __rt_lib_shutdown_stdio_1                0x080001a7   Thumb Code     0  libshutdown2.o(.ARM.Collect$$libshutdown$$00000004)
    __rt_lib_shutdown_user_alloc_1           0x080001a7   Thumb Code     0  libshutdown2.o(.ARM.Collect$$libshutdown$$0000000C)
    __rt_entry                               0x080001a9   Thumb Code     0  __rtentry.o(.ARM.Collect$$rtentry$$00000000)
    __rt_entry_presh_1                       0x080001a9   Thumb Code     0  __rtentry2.o(.ARM.Collect$$rtentry$$00000002)
    __rt_entry_sh                            0x080001a9   Thumb Code     0  __rtentry4.o(.ARM.Collect$$rtentry$$00000004)
    __rt_entry_li                            0x080001af   Thumb Code     0  __rtentry2.o(.ARM.Collect$$rtentry$$0000000A)
    __rt_entry_postsh_1                      0x080001af   Thumb Code     0  __rtentry2.o(.ARM.Collect$$rtentry$$00000009)
    __rt_entry_main                          0x080001b3   Thumb Code     0  __rtentry2.o(.ARM.Collect$$rtentry$$0000000D)
    __rt_entry_postli_1                      0x080001b3   Thumb Code     0  __rtentry2.o(.ARM.Collect$$rtentry$$0000000C)
    __rt_exit                                0x080001bb   Thumb Code     0  rtexit.o(.ARM.Collect$$rtexit$$00000000)
    __rt_exit_ls                             0x080001bd   Thumb Code     0  rtexit2.o(.ARM.Collect$$rtexit$$00000003)
    __rt_exit_prels_1                        0x080001bd   Thumb Code     0  rtexit2.o(.ARM.Collect$$rtexit$$00000002)
    __rt_exit_exit                           0x080001c1   Thumb Code     0  rtexit2.o(.ARM.Collect$$rtexit$$00000004)
    Reset_Handler                            0x080001c9   Thumb Code     8  startup_stm32f10x_md.o(.text)
    ADC1_2_IRQHandler                        0x080001e3   Thumb Code     0  startup_stm32f10x_md.o(.text)
    CAN1_RX1_IRQHandler                      0x080001e3   Thumb Code     0  startup_stm32f10x_md.o(.text)
    CAN1_SCE_IRQHandler                      0x080001e3   Thumb Code     0  startup_stm32f10x_md.o(.text)
    DMA1_Channel1_IRQHandler                 0x080001e3   Thumb Code     0  startup_stm32f10x_md.o(.text)
    DMA1_Channel2_IRQHandler                 0x080001e3   Thumb Code     0  startup_stm32f10x_md.o(.text)
    DMA1_Channel3_IRQHandler                 0x080001e3   Thumb Code     0  startup_stm32f10x_md.o(.text)
    DMA1_Channel4_IRQHandler                 0x080001e3   Thumb Code     0  startup_stm32f10x_md.o(.text)
    DMA1_Channel5_IRQHandler                 0x080001e3   Thumb Code     0  startup_stm32f10x_md.o(.text)
    DMA1_Channel6_IRQHandler                 0x080001e3   Thumb Code     0  startup_stm32f10x_md.o(.text)
    DMA1_Channel7_IRQHandler                 0x080001e3   Thumb Code     0  startup_stm32f10x_md.o(.text)
    EXTI0_IRQHandler                         0x080001e3   Thumb Code     0  startup_stm32f10x_md.o(.text)
    EXTI15_10_IRQHandler                     0x080001e3   Thumb Code     0  startup_stm32f10x_md.o(.text)
    EXTI2_IRQHandler                         0x080001e3   Thumb Code     0  startup_stm32f10x_md.o(.text)
    EXTI3_IRQHandler                         0x080001e3   Thumb Code     0  startup_stm32f10x_md.o(.text)
    EXTI4_IRQHandler                         0x080001e3   Thumb Code     0  startup_stm32f10x_md.o(.text)
    EXTI9_5_IRQHandler                       0x080001e3   Thumb Code     0  startup_stm32f10x_md.o(.text)
    FLASH_IRQHandler                         0x080001e3   Thumb Code     0  startup_stm32f10x_md.o(.text)
    I2C1_ER_IRQHandler                       0x080001e3   Thumb Code     0  startup_stm32f10x_md.o(.text)
    I2C1_EV_IRQHandler                       0x080001e3   Thumb Code     0  startup_stm32f10x_md.o(.text)
    I2C2_ER_IRQHandler                       0x080001e3   Thumb Code     0  startup_stm32f10x_md.o(.text)
    I2C2_EV_IRQHandler                       0x080001e3   Thumb Code     0  startup_stm32f10x_md.o(.text)
    PVD_IRQHandler                           0x080001e3   Thumb Code     0  startup_stm32f10x_md.o(.text)
    RCC_IRQHandler                           0x080001e3   Thumb Code     0  startup_stm32f10x_md.o(.text)
    RTCAlarm_IRQHandler                      0x080001e3   Thumb Code     0  startup_stm32f10x_md.o(.text)
    RTC_IRQHandler                           0x080001e3   Thumb Code     0  startup_stm32f10x_md.o(.text)
    SPI1_IRQHandler                          0x080001e3   Thumb Code     0  startup_stm32f10x_md.o(.text)
    SPI2_IRQHandler                          0x080001e3   Thumb Code     0  startup_stm32f10x_md.o(.text)
    TAMPER_IRQHandler                        0x080001e3   Thumb Code     0  startup_stm32f10x_md.o(.text)
    TIM1_BRK_IRQHandler                      0x080001e3   Thumb Code     0  startup_stm32f10x_md.o(.text)
    TIM1_CC_IRQHandler                       0x080001e3   Thumb Code     0  startup_stm32f10x_md.o(.text)
    TIM1_TRG_COM_IRQHandler                  0x080001e3   Thumb Code     0  startup_stm32f10x_md.o(.text)
    TIM1_UP_IRQHandler                       0x080001e3   Thumb Code     0  startup_stm32f10x_md.o(.text)
    USART2_IRQHandler                        0x080001e3   Thumb Code     0  startup_stm32f10x_md.o(.text)
    USART3_IRQHandler                        0x080001e3   Thumb Code     0  startup_stm32f10x_md.o(.text)
    USBWakeUp_IRQHandler                     0x080001e3   Thumb Code     0  startup_stm32f10x_md.o(.text)
    USB_HP_CAN1_TX_IRQHandler                0x080001e3   Thumb Code     0  startup_stm32f10x_md.o(.text)
    USB_LP_CAN1_RX0_IRQHandler               0x080001e3   Thumb Code     0  startup_stm32f10x_md.o(.text)
    WWDG_IRQHandler                          0x080001e3   Thumb Code     0  startup_stm32f10x_md.o(.text)
    __user_initial_stackheap                 0x080001e5   Thumb Code     0  startup_stm32f10x_md.o(.text)
    __use_no_semihosting                     0x08000209   Thumb Code     2  use_no_semi_2.o(.text)
    strlen                                   0x0800020b   Thumb Code    62  strlen.o(.text)
    __aeabi_memclr                           0x08000249   Thumb Code     0  rt_memclr.o(.text)
    __rt_memclr                              0x08000249   Thumb Code    68  rt_memclr.o(.text)
    _memset                                  0x0800024d   Thumb Code     0  rt_memclr.o(.text)
    strcmp                                   0x0800028d   Thumb Code   128  strcmpv7m.o(.text)
    __use_two_region_memory                  0x0800030d   Thumb Code     2  heapauxi.o(.text)
    __rt_heap_escrow$2region                 0x0800030f   Thumb Code     2  heapauxi.o(.text)
    __rt_heap_expand$2region                 0x08000311   Thumb Code     2  heapauxi.o(.text)
    __I$use$semihosting                      0x08000313   Thumb Code     0  use_no_semi.o(.text)
    __use_no_semihosting_swi                 0x08000313   Thumb Code     2  use_no_semi.o(.text)
    __aeabi_memclr4                          0x08000315   Thumb Code     0  rt_memclr_w.o(.text)
    __aeabi_memclr8                          0x08000315   Thumb Code     0  rt_memclr_w.o(.text)
    __rt_memclr_w                            0x08000315   Thumb Code    78  rt_memclr_w.o(.text)
    _memset_w                                0x08000319   Thumb Code     0  rt_memclr_w.o(.text)
    __user_libspace                          0x08000365   Thumb Code     8  libspace.o(.text)
    __user_perproc_libspace                  0x08000365   Thumb Code     0  libspace.o(.text)
    __user_perthread_libspace                0x08000365   Thumb Code     0  libspace.o(.text)
    __user_setup_stackheap                   0x0800036d   Thumb Code    74  sys_stackheap_outer.o(.text)
    exit                                     0x080003b7   Thumb Code    18  exit.o(.text)
    ADC_Cmd                                  0x080003c9   Thumb Code    22  stm32f10x_adc.o(i.ADC_Cmd)
    ADC_DeInit                               0x080003e1   Thumb Code    78  stm32f10x_adc.o(i.ADC_DeInit)
    ADC_GetCalibrationStatus                 0x0800043d   Thumb Code    20  stm32f10x_adc.o(i.ADC_GetCalibrationStatus)
    ADC_GetConversionValue                   0x08000451   Thumb Code     8  stm32f10x_adc.o(i.ADC_GetConversionValue)
    ADC_GetFlagStatus                        0x08000459   Thumb Code    18  stm32f10x_adc.o(i.ADC_GetFlagStatus)
    ADC_GetResetCalibrationStatus            0x0800046b   Thumb Code    20  stm32f10x_adc.o(i.ADC_GetResetCalibrationStatus)
    ADC_Init                                 0x08000481   Thumb Code    70  stm32f10x_adc.o(i.ADC_Init)
    ADC_RegularChannelConfig                 0x080004d1   Thumb Code   184  stm32f10x_adc.o(i.ADC_RegularChannelConfig)
    ADC_ResetCalibration                     0x08000589   Thumb Code    10  stm32f10x_adc.o(i.ADC_ResetCalibration)
    ADC_SoftwareStartConvCmd                 0x08000593   Thumb Code    22  stm32f10x_adc.o(i.ADC_SoftwareStartConvCmd)
    ADC_StartCalibration                     0x080005a9   Thumb Code    10  stm32f10x_adc.o(i.ADC_StartCalibration)
    Adc_Init                                 0x080005b5   Thumb Code   132  adc.o(i.Adc_Init)
    BusFault_Handler                         0x08000641   Thumb Code     4  stm32f10x_it.o(i.BusFault_Handler)
    DebugMon_Handler                         0x08000645   Thumb Code     2  stm32f10x_it.o(i.DebugMon_Handler)
    EXTI1_IRQHandler                         0x08000649   Thumb Code    20  encoder.o(i.EXTI1_IRQHandler)
    EXTI_ClearITPendingBit                   0x08000661   Thumb Code     6  stm32f10x_exti.o(i.EXTI_ClearITPendingBit)
    Encoder_TIM2_Init                        0x0800066d   Thumb Code   154  encoder.o(i.Encoder_TIM2_Init)
    Encoder_TIM4_Init                        0x0800070d   Thumb Code   148  encoder.o(i.Encoder_TIM4_Init)
    FIFO_DeQueue                             0x080007a9   Thumb Code    46  solgui_menu.o(i.FIFO_DeQueue)
    FIFO_Init                                0x080007dd   Thumb Code    18  solgui_menu.o(i.FIFO_Init)
    GPIO_Init                                0x080007f5   Thumb Code   278  stm32f10x_gpio.o(i.GPIO_Init)
    GPIO_PinRemapConfig                      0x0800090d   Thumb Code   138  stm32f10x_gpio.o(i.GPIO_PinRemapConfig)
    GPIO_ResetBits                           0x0800099d   Thumb Code     4  stm32f10x_gpio.o(i.GPIO_ResetBits)
    GPIO_SetBits                             0x080009a1   Thumb Code     4  stm32f10x_gpio.o(i.GPIO_SetBits)
    Get_Adc                                  0x080009a5   Thumb Code    46  adc.o(i.Get_Adc)
    Get_Adc_Average                          0x080009d9   Thumb Code    46  adc.o(i.Get_Adc_Average)
    HardFault_Handler                        0x08000a07   Thumb Code     4  stm32f10x_it.o(i.HardFault_Handler)
    INinit                                   0x08000a0d   Thumb Code    50  control.o(i.INinit)
    JTAGDisable                              0x08000a45   Thumb Code    20  main.o(i.JTAGDisable)
    LED_Init                                 0x08000a5d   Thumb Code    50  led.o(i.LED_Init)
    LoadPWM                                  0x08000a95   Thumb Code    60  control.o(i.LoadPWM)
    MemManage_Handler                        0x08000ad1   Thumb Code     4  stm32f10x_it.o(i.MemManage_Handler)
    Mind_Read_Speed                          0x08000ad5   Thumb Code    46  encoder.o(i.Mind_Read_Speed)
    NMI_Handler                              0x08000b09   Thumb Code     2  stm32f10x_it.o(i.NMI_Handler)
    NVIC_Init                                0x08000b0d   Thumb Code   100  misc.o(i.NVIC_Init)
    NVIC_PriorityGroupConfig                 0x08000b7d   Thumb Code    10  misc.o(i.NVIC_PriorityGroupConfig)
    OLED_Clear                               0x08000b91   Thumb Code    64  oled.o(i.OLED_Clear)
    OLED_FillScreen                          0x08000bd1   Thumb Code    70  oled.o(i.OLED_FillScreen)
    OLED_Init                                0x08000c19   Thumb Code   362  oled.o(i.OLED_Init)
    OLED_Set_Pos                             0x08000d8d   Thumb Code    46  oled.o(i.OLED_Set_Pos)
    OLED_WR_Byte                             0x08000dbd   Thumb Code   108  oled.o(i.OLED_WR_Byte)
    PID_Pos_PosCalc                          0x08000e31   Thumb Code   184  control.o(i.PID_Pos_PosCalc)
    PendSV_Handler                           0x08000f11   Thumb Code     2  stm32f10x_it.o(i.PendSV_Handler)
    RCC_ADCCLKConfig                         0x08000f15   Thumb Code    18  stm32f10x_rcc.o(i.RCC_ADCCLKConfig)
    RCC_APB1PeriphClockCmd                   0x08000f2d   Thumb Code    26  stm32f10x_rcc.o(i.RCC_APB1PeriphClockCmd)
    RCC_APB2PeriphClockCmd                   0x08000f4d   Thumb Code    26  stm32f10x_rcc.o(i.RCC_APB2PeriphClockCmd)
    RCC_APB2PeriphResetCmd                   0x08000f6d   Thumb Code    26  stm32f10x_rcc.o(i.RCC_APB2PeriphResetCmd)
    RCC_GetClocksFreq                        0x08000f8d   Thumb Code   192  stm32f10x_rcc.o(i.RCC_GetClocksFreq)
    Read_Speed                               0x08001061   Thumb Code    64  encoder.o(i.Read_Speed)
    SOLGUI_Clean                             0x080010a5   Thumb Code    14  solgui_common.o(i.SOLGUI_Clean)
    SOLGUI_Cursor                            0x080010b9   Thumb Code   590  solgui_widget.o(i.SOLGUI_Cursor)
    SOLGUI_DrawPoint                         0x08001319   Thumb Code    82  solgui_common.o(i.SOLGUI_DrawPoint)
    SOLGUI_GBasic_Line                       0x08001371   Thumb Code   230  solgui_gbasic.o(i.SOLGUI_GBasic_Line)
    SOLGUI_GBasic_Rectangle                  0x08001457   Thumb Code   194  solgui_gbasic.o(i.SOLGUI_GBasic_Rectangle)
    SOLGUI_GetCurrentKey                     0x08001519   Thumb Code     6  solgui_menu.o(i.SOLGUI_GetCurrentKey)
    SOLGUI_Hardware_FillScreen               0x08001525   Thumb Code    12  solgui_hardware.o(i.SOLGUI_Hardware_FillScreen)
    SOLGUI_Hardware_Init                     0x08001531   Thumb Code    16  solgui_hardware.o(i.SOLGUI_Hardware_Init)
    SOLGUI_Init                              0x08001541   Thumb Code    26  solgui_common.o(i.SOLGUI_Init)
    SOLGUI_Menu_PageStage                    0x08001561   Thumb Code    74  solgui_menu.o(i.SOLGUI_Menu_PageStage)
    SOLGUI_Menu_SetHomePage                  0x080015bd   Thumb Code    14  solgui_menu.o(i.SOLGUI_Menu_SetHomePage)
    SOLGUI_Menu_Title                        0x080015d1   Thumb Code   110  solgui_menu.o(i.SOLGUI_Menu_Title)
    SOLGUI_PutChar                           0x08001651   Thumb Code   164  solgui_printf.o(i.SOLGUI_PutChar)
    SOLGUI_PutString                         0x080016f5   Thumb Code    56  solgui_printf.o(i.SOLGUI_PutString)
    SOLGUI_Refresh                           0x0800172d   Thumb Code    14  solgui_common.o(i.SOLGUI_Refresh)
    SOLGUI_SwitchFont                        0x08001741   Thumb Code    38  solgui_printf.o(i.SOLGUI_SwitchFont)
    SOLGUI_Widget_OptionText                 0x0800176d   Thumb Code    76  solgui_widget.o(i.SOLGUI_Widget_OptionText)
    SOLGUI_printf                            0x080017bd   Thumb Code    40  solgui_printf.o(i.SOLGUI_printf)
    SVC_Handler                              0x080017e5   Thumb Code     2  stm32f10x_it.o(i.SVC_Handler)
    SysTick_CLKSourceConfig                  0x080018d1   Thumb Code    40  misc.o(i.SysTick_CLKSourceConfig)
    SysTick_Handler                          0x080018f9   Thumb Code     2  stm32f10x_it.o(i.SysTick_Handler)
    SystemInit                               0x080018fd   Thumb Code    78  system_stm32f10x.o(i.SystemInit)
    TIM1_PWM_Init                            0x08001b9d   Thumb Code   190  control.o(i.TIM1_PWM_Init)
    TIM2_IRQHandler                          0x08001c65   Thumb Code    22  encoder.o(i.TIM2_IRQHandler)
    TIM3_IRQHandler                          0x08001c7d   Thumb Code   544  control.o(i.TIM3_IRQHandler)
    TIM3_Int_Init                            0x08001f15   Thumb Code    88  timer.o(i.TIM3_Int_Init)
    TIM4_IRQHandler                          0x08001f71   Thumb Code    22  encoder.o(i.TIM4_IRQHandler)
    TIM_ARRPreloadConfig                     0x08001f8d   Thumb Code    24  stm32f10x_tim.o(i.TIM_ARRPreloadConfig)
    TIM_ClearFlag                            0x08001fa5   Thumb Code     6  stm32f10x_tim.o(i.TIM_ClearFlag)
    TIM_ClearITPendingBit                    0x08001fab   Thumb Code     6  stm32f10x_tim.o(i.TIM_ClearITPendingBit)
    TIM_Cmd                                  0x08001fb1   Thumb Code    24  stm32f10x_tim.o(i.TIM_Cmd)
    TIM_CtrlPWMOutputs                       0x08001fc9   Thumb Code    30  stm32f10x_tim.o(i.TIM_CtrlPWMOutputs)
    TIM_EncoderInterfaceConfig               0x08001fe7   Thumb Code    66  stm32f10x_tim.o(i.TIM_EncoderInterfaceConfig)
    TIM_GetCounter                           0x08002029   Thumb Code     6  stm32f10x_tim.o(i.TIM_GetCounter)
    TIM_GetITStatus                          0x0800202f   Thumb Code    34  stm32f10x_tim.o(i.TIM_GetITStatus)
    TIM_ICInit                               0x08002051   Thumb Code   150  stm32f10x_tim.o(i.TIM_ICInit)
    TIM_ICStructInit                         0x080020fd   Thumb Code    18  stm32f10x_tim.o(i.TIM_ICStructInit)
    TIM_ITConfig                             0x0800210f   Thumb Code    18  stm32f10x_tim.o(i.TIM_ITConfig)
    TIM_OC1Init                              0x08002121   Thumb Code   132  stm32f10x_tim.o(i.TIM_OC1Init)
    TIM_OC1PreloadConfig                     0x080021b9   Thumb Code    18  stm32f10x_tim.o(i.TIM_OC1PreloadConfig)
    TIM_OC4Init                              0x080021cd   Thumb Code   114  stm32f10x_tim.o(i.TIM_OC4Init)
    TIM_OC4PreloadConfig                     0x08002249   Thumb Code    26  stm32f10x_tim.o(i.TIM_OC4PreloadConfig)
    TIM_SetCompare1                          0x08002263   Thumb Code     4  stm32f10x_tim.o(i.TIM_SetCompare1)
    TIM_SetCompare4                          0x08002267   Thumb Code     6  stm32f10x_tim.o(i.TIM_SetCompare4)
    TIM_SetCounter                           0x0800226d   Thumb Code     4  stm32f10x_tim.o(i.TIM_SetCounter)
    TIM_SetIC1Prescaler                      0x08002271   Thumb Code    18  stm32f10x_tim.o(i.TIM_SetIC1Prescaler)
    TIM_SetIC2Prescaler                      0x08002283   Thumb Code    26  stm32f10x_tim.o(i.TIM_SetIC2Prescaler)
    TIM_SetIC3Prescaler                      0x0800229d   Thumb Code    18  stm32f10x_tim.o(i.TIM_SetIC3Prescaler)
    TIM_SetIC4Prescaler                      0x080022af   Thumb Code    26  stm32f10x_tim.o(i.TIM_SetIC4Prescaler)
    TIM_TimeBaseInit                         0x080022c9   Thumb Code   122  stm32f10x_tim.o(i.TIM_TimeBaseInit)
    TIM_TimeBaseStructInit                   0x0800236d   Thumb Code    18  stm32f10x_tim.o(i.TIM_TimeBaseStructInit)
    USART1_IRQHandler                        0x08002381   Thumb Code   122  wifi.o(i.USART1_IRQHandler)
    USART_Cmd                                0x08002409   Thumb Code    24  stm32f10x_usart.o(i.USART_Cmd)
    USART_GetITStatus                        0x08002421   Thumb Code    84  stm32f10x_usart.o(i.USART_GetITStatus)
    USART_ITConfig                           0x08002475   Thumb Code    74  stm32f10x_usart.o(i.USART_ITConfig)
    USART_Init                               0x080024c1   Thumb Code   210  stm32f10x_usart.o(i.USART_Init)
    USART_ReceiveData                        0x08002599   Thumb Code    10  stm32f10x_usart.o(i.USART_ReceiveData)
    UsageFault_Handler                       0x080025a3   Thumb Code     4  stm32f10x_it.o(i.UsageFault_Handler)
    Velocity                                 0x080025a9   Thumb Code   192  control.o(i.Velocity)
    Vertical                                 0x08002695   Thumb Code    88  control.o(i.Vertical)
    _FirstPage                               0x080026fd   Thumb Code    82  menu.o(i._FirstPage)
    _LineModes                               0x08002795   Thumb Code   126  solgui_gbasic.o(i._LineModes)
    _MODE1                                   0x08002813   Thumb Code     2  menu.o(i._MODE1)
    _MODE2                                   0x08002815   Thumb Code     2  menu.o(i._MODE2)
    _OptionsDisplay_Judge                    0x08002819   Thumb Code    38  solgui_widget.o(i._OptionsDisplay_Judge)
    _OptionsDisplay_coorY                    0x08002845   Thumb Code    22  solgui_widget.o(i._OptionsDisplay_coorY)
    __SOLGUI_printf                          0x08002861   Thumb Code  1232  solgui_printf.o(i.__SOLGUI_printf)
    _sys_exit                                0x08002d35   Thumb Code     4  usart.o(i._sys_exit)
    bluetooth_check                          0x08002d39   Thumb Code   882  test.o(i.bluetooth_check)
    delay_init                               0x08003151   Thumb Code    50  delay.o(i.delay_init)
    delay_ms                                 0x08003195   Thumb Code    72  delay.o(i.delay_ms)
    left_back                                0x080031e1   Thumb Code    28  control.o(i.left_back)
    left_forward                             0x08003209   Thumb Code    28  control.o(i.left_forward)
    main                                     0x08003231   Thumb Code   112  main.o(i.main)
    menu_int                                 0x080032ad   Thumb Code    10  menu.o(i.menu_int)
    middle_check                             0x080032bd   Thumb Code    16  test.o(i.middle_check)
    rat2_check                               0x080032d1   Thumb Code   142  test.o(i.rat2_check)
    rat_check                                0x0800337d   Thumb Code   154  test.o(i.rat_check)
    right_back                               0x08003431   Thumb Code    28  control.o(i.right_back)
    right_forward                            0x08003459   Thumb Code    28  control.o(i.right_forward)
    uart1_init                               0x08003481   Thumb Code   152  wifi.o(i.uart1_init)
    __aeabi_d2f                              0x08003521   Thumb Code     0  d2f.o(x$fpl$d2f)
    _d2f                                     0x08003521   Thumb Code    98  d2f.o(x$fpl$d2f)
    __aeabi_dadd                             0x08003585   Thumb Code     0  daddsub_clz.o(x$fpl$dadd)
    _dadd                                    0x08003585   Thumb Code   332  daddsub_clz.o(x$fpl$dadd)
    __fpl_dcmp_Inf                           0x080036d5   Thumb Code    24  dcmpi.o(x$fpl$dcmpinf)
    __aeabi_ddiv                             0x080036ed   Thumb Code     0  ddiv.o(x$fpl$ddiv)
    _ddiv                                    0x080036ed   Thumb Code   552  ddiv.o(x$fpl$ddiv)
    __aeabi_d2iz                             0x0800399d   Thumb Code     0  dfix.o(x$fpl$dfix)
    _dfix                                    0x0800399d   Thumb Code    94  dfix.o(x$fpl$dfix)
    __aeabi_d2uiz                            0x080039fd   Thumb Code     0  dfixu.o(x$fpl$dfixu)
    _dfixu                                   0x080039fd   Thumb Code    90  dfixu.o(x$fpl$dfixu)
    __aeabi_i2d                              0x08003a57   Thumb Code     0  dflt_clz.o(x$fpl$dflt)
    _dflt                                    0x08003a57   Thumb Code    46  dflt_clz.o(x$fpl$dflt)
    __aeabi_ui2d                             0x08003a85   Thumb Code     0  dflt_clz.o(x$fpl$dfltu)
    _dfltu                                   0x08003a85   Thumb Code    38  dflt_clz.o(x$fpl$dfltu)
    __aeabi_cdcmple                          0x08003aad   Thumb Code     0  dleqf.o(x$fpl$dleqf)
    _dcmple                                  0x08003aad   Thumb Code   120  dleqf.o(x$fpl$dleqf)
    __fpl_dcmple_InfNaN                      0x08003b0f   Thumb Code     0  dleqf.o(x$fpl$dleqf)
    __aeabi_dmul                             0x08003b25   Thumb Code     0  dmul.o(x$fpl$dmul)
    _dmul                                    0x08003b25   Thumb Code   332  dmul.o(x$fpl$dmul)
    __fpl_dnaninf                            0x08003c79   Thumb Code   156  dnaninf.o(x$fpl$dnaninf)
    __fpl_dretinf                            0x08003d15   Thumb Code    12  dretinf.o(x$fpl$dretinf)
    __aeabi_cdrcmple                         0x08003d21   Thumb Code     0  drleqf.o(x$fpl$drleqf)
    _drcmple                                 0x08003d21   Thumb Code   108  drleqf.o(x$fpl$drleqf)
    __aeabi_drsub                            0x08003d8d   Thumb Code     0  daddsub_clz.o(x$fpl$drsb)
    _drsb                                    0x08003d8d   Thumb Code    22  daddsub_clz.o(x$fpl$drsb)
    __aeabi_dsub                             0x08003da5   Thumb Code     0  daddsub_clz.o(x$fpl$dsub)
    _dsub                                    0x08003da5   Thumb Code   464  daddsub_clz.o(x$fpl$dsub)
    __aeabi_f2d                              0x08003f79   Thumb Code     0  f2d.o(x$fpl$f2d)
    _f2d                                     0x08003f79   Thumb Code    86  f2d.o(x$fpl$f2d)
    __aeabi_fadd                             0x08003fd1   Thumb Code     0  faddsub_clz.o(x$fpl$fadd)
    _fadd                                    0x08003fd1   Thumb Code   196  faddsub_clz.o(x$fpl$fadd)
    __fpl_fcmp_Inf                           0x08004095   Thumb Code    24  fcmpi.o(x$fpl$fcmpinf)
    __aeabi_fdiv                             0x080040ad   Thumb Code     0  fdiv.o(x$fpl$fdiv)
    _fdiv                                    0x080040ad   Thumb Code   384  fdiv.o(x$fpl$fdiv)
    __aeabi_f2iz                             0x08004231   Thumb Code     0  ffix.o(x$fpl$ffix)
    _ffix                                    0x08004231   Thumb Code    54  ffix.o(x$fpl$ffix)
    __aeabi_i2f                              0x08004269   Thumb Code     0  fflt_clz.o(x$fpl$fflt)
    _fflt                                    0x08004269   Thumb Code    48  fflt_clz.o(x$fpl$fflt)
    __aeabi_ui2f                             0x08004299   Thumb Code     0  fflt_clz.o(x$fpl$ffltu)
    _ffltu                                   0x08004299   Thumb Code    38  fflt_clz.o(x$fpl$ffltu)
    __aeabi_cfcmple                          0x080042c1   Thumb Code     0  fleqf.o(x$fpl$fleqf)
    _fcmple                                  0x080042c1   Thumb Code   104  fleqf.o(x$fpl$fleqf)
    __fpl_fcmple_InfNaN                      0x08004313   Thumb Code     0  fleqf.o(x$fpl$fleqf)
    __aeabi_fmul                             0x08004329   Thumb Code     0  fmul.o(x$fpl$fmul)
    _fmul                                    0x08004329   Thumb Code   258  fmul.o(x$fpl$fmul)
    __fpl_fnaninf                            0x0800442b   Thumb Code   140  fnaninf.o(x$fpl$fnaninf)
    __fpl_fretinf                            0x080044b7   Thumb Code    10  fretinf.o(x$fpl$fretinf)
    __aeabi_cfrcmple                         0x080044c1   Thumb Code     0  frleqf.o(x$fpl$frleqf)
    _frcmple                                 0x080044c1   Thumb Code    98  frleqf.o(x$fpl$frleqf)
    __aeabi_fsub                             0x08004525   Thumb Code     0  faddsub_clz.o(x$fpl$fsub)
    _fsub                                    0x08004525   Thumb Code   234  faddsub_clz.o(x$fpl$fsub)
    _Font6x8                                 0x0800460e   Data         848  font6x8_ascii.o(.constdata)
    __I$use$fp                               0x0800460e   Number         0  usenofp.o(x$fpl$usenofp)
    Region$$Table$$Base                      0x0800497c   Number         0  anon$$obj.o(Region$$Table)
    Region$$Table$$Limit                     0x0800499c   Number         0  anon$$obj.o(Region$$Table)
    Adc2_org                                 0x20000000   Data           4  main.o(.data)
    Adc3_org                                 0x20000004   Data           4  main.o(.data)
    roll                                     0x20000008   Data           4  main.o(.data)
    d_roll                                   0x2000000c   Data           4  main.o(.data)
    Last_roll                                0x20000010   Data           4  main.o(.data)
    SPEED_R                                  0x20000014   Data           4  main.o(.data)
    SPEED_L                                  0x20000018   Data           4  main.o(.data)
    Encoder_A_EXTI                           0x2000001c   Data           4  main.o(.data)
    Encoder_B_EXTI                           0x20000020   Data           4  main.o(.data)
    lspeed                                   0x20000024   Data           4  main.o(.data)
    rspeed                                   0x20000028   Data           4  main.o(.data)
    Vertical_Kp                              0x2000002c   Data           4  main.o(.data)
    Vertical_Kd                              0x20000030   Data           4  main.o(.data)
    Velocity_Kp                              0x20000034   Data           4  main.o(.data)
    Velocity_Ki                              0x20000038   Data           4  main.o(.data)
    Velocity_Kd                              0x2000003c   Data           4  main.o(.data)
    Vertical_out                             0x20000040   Data           4  main.o(.data)
    Velocity_out                             0x20000044   Data           4  main.o(.data)
    moto_pwm                                 0x20000048   Data           4  main.o(.data)
    LastPWM                                  0x2000004c   Data           4  main.o(.data)
    middle                                   0x20000050   Data           4  main.o(.data)
    rat                                      0x20000054   Data           4  main.o(.data)
    Target_Speed                             0x20000058   Data           4  main.o(.data)
    temp                                     0x2000005c   Data           1  main.o(.data)
    pos_p                                    0x20000060   Data           4  main.o(.data)
    pos_i                                    0x20000064   Data           4  main.o(.data)
    pos_d                                    0x20000068   Data           4  main.o(.data)
    Moto_Target_angle                        0x2000006c   Data           4  main.o(.data)
    rat2                                     0x20000070   Data           4  main.o(.data)
    Position_Zero                            0x20000074   Data           4  main.o(.data)
    FirstPage                                0x20000078   Data          12  menu.o(.data)
    MODE1                                    0x20000084   Data          12  menu.o(.data)
    MODE2                                    0x20000090   Data          12  menu.o(.data)
    USART_RX_STA1                            0x200000dc   Data           2  wifi.o(.data)
    current_page                             0x200000f8   Data           4  solgui_menu.o(.data)
    _key_cache                               0x200000fc   Data           7  solgui_menu.o(.data)
    cur_key                                  0x20000103   Data           1  solgui_menu.o(.data)
    SOLGUI_CSR                               0x20000104   Data           1  solgui_menu.o(.data)
    _fontInfo_6x8                            0x20000108   Data           8  solgui_printf.o(.data)
    KEY_RIGHT_USE_FLAG                       0x20000110   Data           1  solgui_widget.o(.data)
    cursor                                   0x20000114   Data           4  solgui_widget.o(.data)
    SystemCoreClock                          0x2000011c   Data           4  system_stm32f10x.o(.data)
    AHBPrescTable                            0x20000120   Data          16  system_stm32f10x.o(.data)
    USART_RX_BUF1                            0x20000130   Data         200  wifi.o(.bss)
    USART_TX_BUF1                            0x200001f8   Data         200  wifi.o(.bss)
    SOLGUI_GRAM                              0x200002c0   Data        1024  solgui_common.o(.bss)
    cursor_reg                               0x200006c0   Data          12  solgui_widget.o(.bss)
    option_enable_list                       0x200006cc   Data          16  solgui_widget.o(.bss)
    __libspace_start                         0x200006dc   Data          96  libspace.o(.bss)
    __temporary_stack_top$libspace           0x2000073c   Data           0  libspace.o(.bss)



==============================================================================

Memory Map of the image

  Image Entry point : 0x080001c9

  Load Region LR_1 (Base: 0x08000000, Size: 0x00004acc, Max: 0xffffffff, ABSOLUTE, COMPRESSED[0x00004a04])

    Execution Region ER_RO (Exec base: 0x08000000, Load base: 0x08000000, Size: 0x0000499c, Max: 0xffffffff, ABSOLUTE)

    Exec Addr    Load Addr    Size         Type   Attr      Idx    E Section Name        Object

    0x08000000   0x08000000   0x000000ec   Data   RO         3701    RESET               startup_stm32f10x_md.o
    0x080000ec   0x080000ec   0x00000008   Code   RO         3815  * !!!main             c_w.l(__main.o)
    0x080000f4   0x080000f4   0x00000034   Code   RO         4152    !!!scatter          c_w.l(__scatter.o)
    0x08000128   0x08000128   0x0000005a   Code   RO         4150    !!dczerorl2         c_w.l(__dczerorl2.o)
    0x08000182   0x08000182   0x00000002   PAD
    0x08000184   0x08000184   0x0000001c   Code   RO         4154    !!handler_zi        c_w.l(__scatter_zi.o)
    0x080001a0   0x080001a0   0x00000002   Code   RO         4019    .ARM.Collect$$libinit$$00000000  c_w.l(libinit.o)
    0x080001a2   0x080001a2   0x00000000   Code   RO         4029    .ARM.Collect$$libinit$$00000002  c_w.l(libinit2.o)
    0x080001a2   0x080001a2   0x00000000   Code   RO         4031    .ARM.Collect$$libinit$$00000004  c_w.l(libinit2.o)
    0x080001a2   0x080001a2   0x00000000   Code   RO         4034    .ARM.Collect$$libinit$$0000000A  c_w.l(libinit2.o)
    0x080001a2   0x080001a2   0x00000000   Code   RO         4036    .ARM.Collect$$libinit$$0000000C  c_w.l(libinit2.o)
    0x080001a2   0x080001a2   0x00000000   Code   RO         4038    .ARM.Collect$$libinit$$0000000E  c_w.l(libinit2.o)
    0x080001a2   0x080001a2   0x00000000   Code   RO         4041    .ARM.Collect$$libinit$$00000011  c_w.l(libinit2.o)
    0x080001a2   0x080001a2   0x00000000   Code   RO         4043    .ARM.Collect$$libinit$$00000013  c_w.l(libinit2.o)
    0x080001a2   0x080001a2   0x00000000   Code   RO         4045    .ARM.Collect$$libinit$$00000015  c_w.l(libinit2.o)
    0x080001a2   0x080001a2   0x00000000   Code   RO         4047    .ARM.Collect$$libinit$$00000017  c_w.l(libinit2.o)
    0x080001a2   0x080001a2   0x00000000   Code   RO         4049    .ARM.Collect$$libinit$$00000019  c_w.l(libinit2.o)
    0x080001a2   0x080001a2   0x00000000   Code   RO         4051    .ARM.Collect$$libinit$$0000001B  c_w.l(libinit2.o)
    0x080001a2   0x080001a2   0x00000000   Code   RO         4053    .ARM.Collect$$libinit$$0000001D  c_w.l(libinit2.o)
    0x080001a2   0x080001a2   0x00000000   Code   RO         4055    .ARM.Collect$$libinit$$0000001F  c_w.l(libinit2.o)
    0x080001a2   0x080001a2   0x00000000   Code   RO         4057    .ARM.Collect$$libinit$$00000021  c_w.l(libinit2.o)
    0x080001a2   0x080001a2   0x00000000   Code   RO         4059    .ARM.Collect$$libinit$$00000023  c_w.l(libinit2.o)
    0x080001a2   0x080001a2   0x00000000   Code   RO         4061    .ARM.Collect$$libinit$$00000025  c_w.l(libinit2.o)
    0x080001a2   0x080001a2   0x00000000   Code   RO         4065    .ARM.Collect$$libinit$$0000002C  c_w.l(libinit2.o)
    0x080001a2   0x080001a2   0x00000000   Code   RO         4067    .ARM.Collect$$libinit$$0000002E  c_w.l(libinit2.o)
    0x080001a2   0x080001a2   0x00000000   Code   RO         4069    .ARM.Collect$$libinit$$00000030  c_w.l(libinit2.o)
    0x080001a2   0x080001a2   0x00000000   Code   RO         4071    .ARM.Collect$$libinit$$00000032  c_w.l(libinit2.o)
    0x080001a2   0x080001a2   0x00000002   Code   RO         4072    .ARM.Collect$$libinit$$00000033  c_w.l(libinit2.o)
    0x080001a4   0x080001a4   0x00000002   Code   RO         4102    .ARM.Collect$$libshutdown$$00000000  c_w.l(libshutdown.o)
    0x080001a6   0x080001a6   0x00000000   Code   RO         4116    .ARM.Collect$$libshutdown$$00000002  c_w.l(libshutdown2.o)
    0x080001a6   0x080001a6   0x00000000   Code   RO         4118    .ARM.Collect$$libshutdown$$00000004  c_w.l(libshutdown2.o)
    0x080001a6   0x080001a6   0x00000000   Code   RO         4121    .ARM.Collect$$libshutdown$$00000007  c_w.l(libshutdown2.o)
    0x080001a6   0x080001a6   0x00000000   Code   RO         4124    .ARM.Collect$$libshutdown$$0000000A  c_w.l(libshutdown2.o)
    0x080001a6   0x080001a6   0x00000000   Code   RO         4126    .ARM.Collect$$libshutdown$$0000000C  c_w.l(libshutdown2.o)
    0x080001a6   0x080001a6   0x00000000   Code   RO         4129    .ARM.Collect$$libshutdown$$0000000F  c_w.l(libshutdown2.o)
    0x080001a6   0x080001a6   0x00000002   Code   RO         4130    .ARM.Collect$$libshutdown$$00000010  c_w.l(libshutdown2.o)
    0x080001a8   0x080001a8   0x00000000   Code   RO         3903    .ARM.Collect$$rtentry$$00000000  c_w.l(__rtentry.o)
    0x080001a8   0x080001a8   0x00000000   Code   RO         3970    .ARM.Collect$$rtentry$$00000002  c_w.l(__rtentry2.o)
    0x080001a8   0x080001a8   0x00000006   Code   RO         3982    .ARM.Collect$$rtentry$$00000004  c_w.l(__rtentry4.o)
    0x080001ae   0x080001ae   0x00000000   Code   RO         3972    .ARM.Collect$$rtentry$$00000009  c_w.l(__rtentry2.o)
    0x080001ae   0x080001ae   0x00000004   Code   RO         3973    .ARM.Collect$$rtentry$$0000000A  c_w.l(__rtentry2.o)
    0x080001b2   0x080001b2   0x00000000   Code   RO         3975    .ARM.Collect$$rtentry$$0000000C  c_w.l(__rtentry2.o)
    0x080001b2   0x080001b2   0x00000008   Code   RO         3976    .ARM.Collect$$rtentry$$0000000D  c_w.l(__rtentry2.o)
    0x080001ba   0x080001ba   0x00000002   Code   RO         4022    .ARM.Collect$$rtexit$$00000000  c_w.l(rtexit.o)
    0x080001bc   0x080001bc   0x00000000   Code   RO         4076    .ARM.Collect$$rtexit$$00000002  c_w.l(rtexit2.o)
    0x080001bc   0x080001bc   0x00000004   Code   RO         4077    .ARM.Collect$$rtexit$$00000003  c_w.l(rtexit2.o)
    0x080001c0   0x080001c0   0x00000006   Code   RO         4078    .ARM.Collect$$rtexit$$00000004  c_w.l(rtexit2.o)
    0x080001c6   0x080001c6   0x00000002   PAD
    0x080001c8   0x080001c8   0x00000040   Code   RO         3702  * .text               startup_stm32f10x_md.o
    0x08000208   0x08000208   0x00000002   Code   RO         3742    .text               c_w.l(use_no_semi_2.o)
    0x0800020a   0x0800020a   0x0000003e   Code   RO         3805    .text               c_w.l(strlen.o)
    0x08000248   0x08000248   0x00000044   Code   RO         3809    .text               c_w.l(rt_memclr.o)
    0x0800028c   0x0800028c   0x00000080   Code   RO         3811    .text               c_w.l(strcmpv7m.o)
    0x0800030c   0x0800030c   0x00000006   Code   RO         3813    .text               c_w.l(heapauxi.o)
    0x08000312   0x08000312   0x00000002   Code   RO         3901    .text               c_w.l(use_no_semi.o)
    0x08000314   0x08000314   0x0000004e   Code   RO         3915    .text               c_w.l(rt_memclr_w.o)
    0x08000362   0x08000362   0x00000002   PAD
    0x08000364   0x08000364   0x00000008   Code   RO         4003    .text               c_w.l(libspace.o)
    0x0800036c   0x0800036c   0x0000004a   Code   RO         4006    .text               c_w.l(sys_stackheap_outer.o)
    0x080003b6   0x080003b6   0x00000012   Code   RO         4012    .text               c_w.l(exit.o)
    0x080003c8   0x080003c8   0x00000016   Code   RO         2433    i.ADC_Cmd           stm32f10x_adc.o
    0x080003de   0x080003de   0x00000002   PAD
    0x080003e0   0x080003e0   0x0000005c   Code   RO         2435    i.ADC_DeInit        stm32f10x_adc.o
    0x0800043c   0x0800043c   0x00000014   Code   RO         2441    i.ADC_GetCalibrationStatus  stm32f10x_adc.o
    0x08000450   0x08000450   0x00000008   Code   RO         2442    i.ADC_GetConversionValue  stm32f10x_adc.o
    0x08000458   0x08000458   0x00000012   Code   RO         2444    i.ADC_GetFlagStatus  stm32f10x_adc.o
    0x0800046a   0x0800046a   0x00000014   Code   RO         2447    i.ADC_GetResetCalibrationStatus  stm32f10x_adc.o
    0x0800047e   0x0800047e   0x00000002   PAD
    0x08000480   0x08000480   0x00000050   Code   RO         2451    i.ADC_Init          stm32f10x_adc.o
    0x080004d0   0x080004d0   0x000000b8   Code   RO         2455    i.ADC_RegularChannelConfig  stm32f10x_adc.o
    0x08000588   0x08000588   0x0000000a   Code   RO         2456    i.ADC_ResetCalibration  stm32f10x_adc.o
    0x08000592   0x08000592   0x00000016   Code   RO         2458    i.ADC_SoftwareStartConvCmd  stm32f10x_adc.o
    0x080005a8   0x080005a8   0x0000000a   Code   RO         2460    i.ADC_StartCalibration  stm32f10x_adc.o
    0x080005b2   0x080005b2   0x00000002   PAD
    0x080005b4   0x080005b4   0x0000008c   Code   RO          812    i.Adc_Init          adc.o
    0x08000640   0x08000640   0x00000004   Code   RO          194    i.BusFault_Handler  stm32f10x_it.o
    0x08000644   0x08000644   0x00000002   Code   RO          195    i.DebugMon_Handler  stm32f10x_it.o
    0x08000646   0x08000646   0x00000002   PAD
    0x08000648   0x08000648   0x00000018   Code   RO          659    i.EXTI1_IRQHandler  encoder.o
    0x08000660   0x08000660   0x0000000c   Code   RO         2374    i.EXTI_ClearITPendingBit  stm32f10x_exti.o
    0x0800066c   0x0800066c   0x000000a0   Code   RO          662    i.Encoder_TIM2_Init  encoder.o
    0x0800070c   0x0800070c   0x0000009c   Code   RO          663    i.Encoder_TIM4_Init  encoder.o
    0x080007a8   0x080007a8   0x00000034   Code   RO         2839    i.FIFO_DeQueue      solgui_menu.o
    0x080007dc   0x080007dc   0x00000018   Code   RO         2841    i.FIFO_Init         solgui_menu.o
    0x080007f4   0x080007f4   0x00000116   Code   RO         1019    i.GPIO_Init         stm32f10x_gpio.o
    0x0800090a   0x0800090a   0x00000002   PAD
    0x0800090c   0x0800090c   0x00000090   Code   RO         1021    i.GPIO_PinRemapConfig  stm32f10x_gpio.o
    0x0800099c   0x0800099c   0x00000004   Code   RO         1026    i.GPIO_ResetBits    stm32f10x_gpio.o
    0x080009a0   0x080009a0   0x00000004   Code   RO         1027    i.GPIO_SetBits      stm32f10x_gpio.o
    0x080009a4   0x080009a4   0x00000034   Code   RO          813    i.Get_Adc           adc.o
    0x080009d8   0x080009d8   0x0000002e   Code   RO          814    i.Get_Adc_Average   adc.o
    0x08000a06   0x08000a06   0x00000004   Code   RO          196    i.HardFault_Handler  stm32f10x_it.o
    0x08000a0a   0x08000a0a   0x00000002   PAD
    0x08000a0c   0x08000a0c   0x00000038   Code   RO          579    i.INinit            control.o
    0x08000a44   0x08000a44   0x00000018   Code   RO            1    i.JTAGDisable       main.o
    0x08000a5c   0x08000a5c   0x00000038   Code   RO          528    i.LED_Init          led.o
    0x08000a94   0x08000a94   0x0000003c   Code   RO          580    i.LoadPWM           control.o
    0x08000ad0   0x08000ad0   0x00000004   Code   RO          197    i.MemManage_Handler  stm32f10x_it.o
    0x08000ad4   0x08000ad4   0x00000034   Code   RO          664    i.Mind_Read_Speed   encoder.o
    0x08000b08   0x08000b08   0x00000002   Code   RO          198    i.NMI_Handler       stm32f10x_it.o
    0x08000b0a   0x08000b0a   0x00000002   PAD
    0x08000b0c   0x08000b0c   0x00000070   Code   RO          973    i.NVIC_Init         misc.o
    0x08000b7c   0x08000b7c   0x00000014   Code   RO          974    i.NVIC_PriorityGroupConfig  misc.o
    0x08000b90   0x08000b90   0x00000040   Code   RO          402    i.OLED_Clear        oled.o
    0x08000bd0   0x08000bd0   0x00000046   Code   RO          406    i.OLED_FillScreen   oled.o
    0x08000c16   0x08000c16   0x00000002   PAD
    0x08000c18   0x08000c18   0x00000174   Code   RO          407    i.OLED_Init         oled.o
    0x08000d8c   0x08000d8c   0x0000002e   Code   RO          408    i.OLED_Set_Pos      oled.o
    0x08000dba   0x08000dba   0x00000002   PAD
    0x08000dbc   0x08000dbc   0x00000074   Code   RO          413    i.OLED_WR_Byte      oled.o
    0x08000e30   0x08000e30   0x000000e0   Code   RO          581    i.PID_Pos_PosCalc   control.o
    0x08000f10   0x08000f10   0x00000002   Code   RO          199    i.PendSV_Handler    stm32f10x_it.o
    0x08000f12   0x08000f12   0x00000002   PAD
    0x08000f14   0x08000f14   0x00000018   Code   RO         1151    i.RCC_ADCCLKConfig  stm32f10x_rcc.o
    0x08000f2c   0x08000f2c   0x00000020   Code   RO         1153    i.RCC_APB1PeriphClockCmd  stm32f10x_rcc.o
    0x08000f4c   0x08000f4c   0x00000020   Code   RO         1155    i.RCC_APB2PeriphClockCmd  stm32f10x_rcc.o
    0x08000f6c   0x08000f6c   0x00000020   Code   RO         1156    i.RCC_APB2PeriphResetCmd  stm32f10x_rcc.o
    0x08000f8c   0x08000f8c   0x000000d4   Code   RO         1163    i.RCC_GetClocksFreq  stm32f10x_rcc.o
    0x08001060   0x08001060   0x00000044   Code   RO          666    i.Read_Speed        encoder.o
    0x080010a4   0x080010a4   0x00000014   Code   RO         2700    i.SOLGUI_Clean      solgui_common.o
    0x080010b8   0x080010b8   0x00000260   Code   RO         2958    i.SOLGUI_Cursor     solgui_widget.o
    0x08001318   0x08001318   0x00000058   Code   RO         2701    i.SOLGUI_DrawPoint  solgui_common.o
    0x08001370   0x08001370   0x000000e6   Code   RO         2761    i.SOLGUI_GBasic_Line  solgui_gbasic.o
    0x08001456   0x08001456   0x000000c2   Code   RO         2763    i.SOLGUI_GBasic_Rectangle  solgui_gbasic.o
    0x08001518   0x08001518   0x0000000c   Code   RO         2842    i.SOLGUI_GetCurrentKey  solgui_menu.o
    0x08001524   0x08001524   0x0000000c   Code   RO         2797    i.SOLGUI_Hardware_FillScreen  solgui_hardware.o
    0x08001530   0x08001530   0x00000010   Code   RO         2798    i.SOLGUI_Hardware_Init  solgui_hardware.o
    0x08001540   0x08001540   0x00000020   Code   RO         2702    i.SOLGUI_Init       solgui_common.o
    0x08001560   0x08001560   0x0000005c   Code   RO         2844    i.SOLGUI_Menu_PageStage  solgui_menu.o
    0x080015bc   0x080015bc   0x00000014   Code   RO         2845    i.SOLGUI_Menu_SetHomePage  solgui_menu.o
    0x080015d0   0x080015d0   0x00000080   Code   RO         2846    i.SOLGUI_Menu_Title  solgui_menu.o
    0x08001650   0x08001650   0x000000a4   Code   RO         2915    i.SOLGUI_PutChar    solgui_printf.o
    0x080016f4   0x080016f4   0x00000038   Code   RO         2916    i.SOLGUI_PutString  solgui_printf.o
    0x0800172c   0x0800172c   0x00000014   Code   RO         2703    i.SOLGUI_Refresh    solgui_common.o
    0x08001740   0x08001740   0x0000002c   Code   RO         2917    i.SOLGUI_SwitchFont  solgui_printf.o
    0x0800176c   0x0800176c   0x00000050   Code   RO         2962    i.SOLGUI_Widget_OptionText  solgui_widget.o
    0x080017bc   0x080017bc   0x00000028   Code   RO         2918    i.SOLGUI_printf     solgui_printf.o
    0x080017e4   0x080017e4   0x00000002   Code   RO          200    i.SVC_Handler       stm32f10x_it.o
    0x080017e6   0x080017e6   0x00000008   Code   RO         3706    i.SetSysClock       system_stm32f10x.o
    0x080017ee   0x080017ee   0x00000002   PAD
    0x080017f0   0x080017f0   0x000000e0   Code   RO         3707    i.SetSysClockTo72   system_stm32f10x.o
    0x080018d0   0x080018d0   0x00000028   Code   RO          977    i.SysTick_CLKSourceConfig  misc.o
    0x080018f8   0x080018f8   0x00000002   Code   RO          201    i.SysTick_Handler   stm32f10x_it.o
    0x080018fa   0x080018fa   0x00000002   PAD
    0x080018fc   0x080018fc   0x00000060   Code   RO         3709    i.SystemInit        system_stm32f10x.o
    0x0800195c   0x0800195c   0x00000080   Code   RO         1531    i.TI1_Config        stm32f10x_tim.o
    0x080019dc   0x080019dc   0x00000098   Code   RO         1532    i.TI2_Config        stm32f10x_tim.o
    0x08001a74   0x08001a74   0x00000090   Code   RO         1533    i.TI3_Config        stm32f10x_tim.o
    0x08001b04   0x08001b04   0x00000098   Code   RO         1534    i.TI4_Config        stm32f10x_tim.o
    0x08001b9c   0x08001b9c   0x000000c8   Code   RO          582    i.TIM1_PWM_Init     control.o
    0x08001c64   0x08001c64   0x00000016   Code   RO          667    i.TIM2_IRQHandler   encoder.o
    0x08001c7a   0x08001c7a   0x00000002   PAD
    0x08001c7c   0x08001c7c   0x00000298   Code   RO          583    i.TIM3_IRQHandler   control.o
    0x08001f14   0x08001f14   0x0000005c   Code   RO          797    i.TIM3_Int_Init     timer.o
    0x08001f70   0x08001f70   0x0000001c   Code   RO          669    i.TIM4_IRQHandler   encoder.o
    0x08001f8c   0x08001f8c   0x00000018   Code   RO         1535    i.TIM_ARRPreloadConfig  stm32f10x_tim.o
    0x08001fa4   0x08001fa4   0x00000006   Code   RO         1541    i.TIM_ClearFlag     stm32f10x_tim.o
    0x08001faa   0x08001faa   0x00000006   Code   RO         1542    i.TIM_ClearITPendingBit  stm32f10x_tim.o
    0x08001fb0   0x08001fb0   0x00000018   Code   RO         1547    i.TIM_Cmd           stm32f10x_tim.o
    0x08001fc8   0x08001fc8   0x0000001e   Code   RO         1549    i.TIM_CtrlPWMOutputs  stm32f10x_tim.o
    0x08001fe6   0x08001fe6   0x00000042   Code   RO         1556    i.TIM_EncoderInterfaceConfig  stm32f10x_tim.o
    0x08002028   0x08002028   0x00000006   Code   RO         1566    i.TIM_GetCounter    stm32f10x_tim.o
    0x0800202e   0x0800202e   0x00000022   Code   RO         1568    i.TIM_GetITStatus   stm32f10x_tim.o
    0x08002050   0x08002050   0x000000ac   Code   RO         1570    i.TIM_ICInit        stm32f10x_tim.o
    0x080020fc   0x080020fc   0x00000012   Code   RO         1571    i.TIM_ICStructInit  stm32f10x_tim.o
    0x0800210e   0x0800210e   0x00000012   Code   RO         1572    i.TIM_ITConfig      stm32f10x_tim.o
    0x08002120   0x08002120   0x00000098   Code   RO         1576    i.TIM_OC1Init       stm32f10x_tim.o
    0x080021b8   0x080021b8   0x00000012   Code   RO         1579    i.TIM_OC1PreloadConfig  stm32f10x_tim.o
    0x080021ca   0x080021ca   0x00000002   PAD
    0x080021cc   0x080021cc   0x0000007c   Code   RO         1591    i.TIM_OC4Init       stm32f10x_tim.o
    0x08002248   0x08002248   0x0000001a   Code   RO         1593    i.TIM_OC4PreloadConfig  stm32f10x_tim.o
    0x08002262   0x08002262   0x00000004   Code   RO         1608    i.TIM_SetCompare1   stm32f10x_tim.o
    0x08002266   0x08002266   0x00000006   Code   RO         1611    i.TIM_SetCompare4   stm32f10x_tim.o
    0x0800226c   0x0800226c   0x00000004   Code   RO         1612    i.TIM_SetCounter    stm32f10x_tim.o
    0x08002270   0x08002270   0x00000012   Code   RO         1613    i.TIM_SetIC1Prescaler  stm32f10x_tim.o
    0x08002282   0x08002282   0x0000001a   Code   RO         1614    i.TIM_SetIC2Prescaler  stm32f10x_tim.o
    0x0800229c   0x0800229c   0x00000012   Code   RO         1615    i.TIM_SetIC3Prescaler  stm32f10x_tim.o
    0x080022ae   0x080022ae   0x0000001a   Code   RO         1616    i.TIM_SetIC4Prescaler  stm32f10x_tim.o
    0x080022c8   0x080022c8   0x000000a4   Code   RO         1618    i.TIM_TimeBaseInit  stm32f10x_tim.o
    0x0800236c   0x0800236c   0x00000012   Code   RO         1619    i.TIM_TimeBaseStructInit  stm32f10x_tim.o
    0x0800237e   0x0800237e   0x00000002   PAD
    0x08002380   0x08002380   0x00000088   Code   RO          741    i.USART1_IRQHandler  wifi.o
    0x08002408   0x08002408   0x00000018   Code   RO         1355    i.USART_Cmd         stm32f10x_usart.o
    0x08002420   0x08002420   0x00000054   Code   RO         1359    i.USART_GetITStatus  stm32f10x_usart.o
    0x08002474   0x08002474   0x0000004a   Code   RO         1361    i.USART_ITConfig    stm32f10x_usart.o
    0x080024be   0x080024be   0x00000002   PAD
    0x080024c0   0x080024c0   0x000000d8   Code   RO         1362    i.USART_Init        stm32f10x_usart.o
    0x08002598   0x08002598   0x0000000a   Code   RO         1369    i.USART_ReceiveData  stm32f10x_usart.o
    0x080025a2   0x080025a2   0x00000004   Code   RO          202    i.UsageFault_Handler  stm32f10x_it.o
    0x080025a6   0x080025a6   0x00000002   PAD
    0x080025a8   0x080025a8   0x000000ec   Code   RO          584    i.Velocity          control.o
    0x08002694   0x08002694   0x00000068   Code   RO          585    i.Vertical          control.o
    0x080026fc   0x080026fc   0x00000098   Code   RO          340    i._FirstPage        menu.o
    0x08002794   0x08002794   0x0000007e   Code   RO         2764    i._LineModes        solgui_gbasic.o
    0x08002812   0x08002812   0x00000002   Code   RO          341    i._MODE1            menu.o
    0x08002814   0x08002814   0x00000002   Code   RO          342    i._MODE2            menu.o
    0x08002816   0x08002816   0x00000002   PAD
    0x08002818   0x08002818   0x0000002c   Code   RO         2966    i._OptionsDisplay_Judge  solgui_widget.o
    0x08002844   0x08002844   0x0000001c   Code   RO         2967    i._OptionsDisplay_coorY  solgui_widget.o
    0x08002860   0x08002860   0x000004d4   Code   RO         2919    i.__SOLGUI_printf   solgui_printf.o
    0x08002d34   0x08002d34   0x00000004   Code   RO          928    i._sys_exit         usart.o
    0x08002d38   0x08002d38   0x00000418   Code   RO          839    i.bluetooth_check   test.o
    0x08003150   0x08003150   0x00000044   Code   RO          873    i.delay_init        delay.o
    0x08003194   0x08003194   0x0000004c   Code   RO          874    i.delay_ms          delay.o
    0x080031e0   0x080031e0   0x00000028   Code   RO          586    i.left_back         control.o
    0x08003208   0x08003208   0x00000028   Code   RO          587    i.left_forward      control.o
    0x08003230   0x08003230   0x0000007c   Code   RO            2    i.main              main.o
    0x080032ac   0x080032ac   0x00000010   Code   RO          343    i.menu_int          menu.o
    0x080032bc   0x080032bc   0x00000014   Code   RO          840    i.middle_check      test.o
    0x080032d0   0x080032d0   0x000000ac   Code   RO          841    i.rat2_check        test.o
    0x0800337c   0x0800337c   0x000000b4   Code   RO          842    i.rat_check         test.o
    0x08003430   0x08003430   0x00000028   Code   RO          589    i.right_back        control.o
    0x08003458   0x08003458   0x00000028   Code   RO          590    i.right_forward     control.o
    0x08003480   0x08003480   0x000000a0   Code   RO          743    i.uart1_init        wifi.o
    0x08003520   0x08003520   0x00000062   Code   RO         3817    x$fpl$d2f           fz_ws.l(d2f.o)
    0x08003582   0x08003582   0x00000002   PAD
    0x08003584   0x08003584   0x00000150   Code   RO         3819    x$fpl$dadd          fz_ws.l(daddsub_clz.o)
    0x080036d4   0x080036d4   0x00000018   Code   RO         3917    x$fpl$dcmpinf       fz_ws.l(dcmpi.o)
    0x080036ec   0x080036ec   0x000002b0   Code   RO         3826    x$fpl$ddiv          fz_ws.l(ddiv.o)
    0x0800399c   0x0800399c   0x0000005e   Code   RO         3829    x$fpl$dfix          fz_ws.l(dfix.o)
    0x080039fa   0x080039fa   0x00000002   PAD
    0x080039fc   0x080039fc   0x0000005a   Code   RO         3833    x$fpl$dfixu         fz_ws.l(dfixu.o)
    0x08003a56   0x08003a56   0x0000002e   Code   RO         3838    x$fpl$dflt          fz_ws.l(dflt_clz.o)
    0x08003a84   0x08003a84   0x00000026   Code   RO         3837    x$fpl$dfltu         fz_ws.l(dflt_clz.o)
    0x08003aaa   0x08003aaa   0x00000002   PAD
    0x08003aac   0x08003aac   0x00000078   Code   RO         3843    x$fpl$dleqf         fz_ws.l(dleqf.o)
    0x08003b24   0x08003b24   0x00000154   Code   RO         3845    x$fpl$dmul          fz_ws.l(dmul.o)
    0x08003c78   0x08003c78   0x0000009c   Code   RO         3919    x$fpl$dnaninf       fz_ws.l(dnaninf.o)
    0x08003d14   0x08003d14   0x0000000c   Code   RO         3921    x$fpl$dretinf       fz_ws.l(dretinf.o)
    0x08003d20   0x08003d20   0x0000006c   Code   RO         3847    x$fpl$drleqf        fz_ws.l(drleqf.o)
    0x08003d8c   0x08003d8c   0x00000016   Code   RO         3820    x$fpl$drsb          fz_ws.l(daddsub_clz.o)
    0x08003da2   0x08003da2   0x00000002   PAD
    0x08003da4   0x08003da4   0x000001d4   Code   RO         3821    x$fpl$dsub          fz_ws.l(daddsub_clz.o)
    0x08003f78   0x08003f78   0x00000056   Code   RO         3849    x$fpl$f2d           fz_ws.l(f2d.o)
    0x08003fce   0x08003fce   0x00000002   PAD
    0x08003fd0   0x08003fd0   0x000000c4   Code   RO         3851    x$fpl$fadd          fz_ws.l(faddsub_clz.o)
    0x08004094   0x08004094   0x00000018   Code   RO         3923    x$fpl$fcmpinf       fz_ws.l(fcmpi.o)
    0x080040ac   0x080040ac   0x00000184   Code   RO         3858    x$fpl$fdiv          fz_ws.l(fdiv.o)
    0x08004230   0x08004230   0x00000036   Code   RO         3863    x$fpl$ffix          fz_ws.l(ffix.o)
    0x08004266   0x08004266   0x00000002   PAD
    0x08004268   0x08004268   0x00000030   Code   RO         3872    x$fpl$fflt          fz_ws.l(fflt_clz.o)
    0x08004298   0x08004298   0x00000026   Code   RO         3871    x$fpl$ffltu         fz_ws.l(fflt_clz.o)
    0x080042be   0x080042be   0x00000002   PAD
    0x080042c0   0x080042c0   0x00000068   Code   RO         3877    x$fpl$fleqf         fz_ws.l(fleqf.o)
    0x08004328   0x08004328   0x00000102   Code   RO         3879    x$fpl$fmul          fz_ws.l(fmul.o)
    0x0800442a   0x0800442a   0x0000008c   Code   RO         3925    x$fpl$fnaninf       fz_ws.l(fnaninf.o)
    0x080044b6   0x080044b6   0x0000000a   Code   RO         3927    x$fpl$fretinf       fz_ws.l(fretinf.o)
    0x080044c0   0x080044c0   0x00000062   Code   RO         3881    x$fpl$frleqf        fz_ws.l(frleqf.o)
    0x08004522   0x08004522   0x00000002   PAD
    0x08004524   0x08004524   0x000000ea   Code   RO         3853    x$fpl$fsub          fz_ws.l(faddsub_clz.o)
    0x0800460e   0x0800460e   0x00000000   Code   RO         3931    x$fpl$usenofp       fz_ws.l(usenofp.o)
    0x0800460e   0x0800460e   0x00000350   Data   RO         2668    .constdata          font6x8_ascii.o
    0x0800495e   0x0800495e   0x00000002   PAD
    0x08004960   0x08004960   0x0000001b   Data   RO          344    .conststring        menu.o
    0x0800497b   0x0800497b   0x00000001   PAD
    0x0800497c   0x0800497c   0x00000020   Data   RO         4148    Region$$Table       anon$$obj.o


    Execution Region ER_RW (Exec base: 0x20000000, Load base: 0x0800499c, Size: 0x00000130, Max: 0xffffffff, ABSOLUTE, COMPRESSED[0x00000068])

    Exec Addr    Load Addr    Size         Type   Attr      Idx    E Section Name        Object

    0x20000000   COMPRESSED   0x00000078   Data   RW            4    .data               main.o
    0x20000078   COMPRESSED   0x00000024   Data   RW          345    .data               menu.o
    0x2000009c   COMPRESSED   0x00000040   Data   RW          591    .data               control.o
    0x200000dc   COMPRESSED   0x00000002   Data   RW          745    .data               wifi.o
    0x200000de   COMPRESSED   0x00000004   Data   RW          876    .data               delay.o
    0x200000e2   COMPRESSED   0x00000014   Data   RW         1183    .data               stm32f10x_rcc.o
    0x200000f6   COMPRESSED   0x00000002   PAD
    0x200000f8   COMPRESSED   0x0000000d   Data   RW         2847    .data               solgui_menu.o
    0x20000105   COMPRESSED   0x00000003   PAD
    0x20000108   COMPRESSED   0x00000008   Data   RW         2920    .data               solgui_printf.o
    0x20000110   COMPRESSED   0x00000009   Data   RW         2970    .data               solgui_widget.o
    0x20000119   COMPRESSED   0x00000003   PAD
    0x2000011c   COMPRESSED   0x00000014   Data   RW         3710    .data               system_stm32f10x.o


    Execution Region ER_ZI (Exec base: 0x20000130, Load base: 0x08004a04, Size: 0x00000c10, Max: 0xffffffff, ABSOLUTE)

    Exec Addr    Load Addr    Size         Type   Attr      Idx    E Section Name        Object

    0x20000130        -       0x00000190   Zero   RW          744    .bss                wifi.o
    0x200002c0        -       0x00000400   Zero   RW         2704    .bss                solgui_common.o
    0x200006c0        -       0x0000001c   Zero   RW         2969    .bss                solgui_widget.o
    0x200006dc        -       0x00000060   Zero   RW         4004    .bss                c_w.l(libspace.o)
    0x2000073c   0x08004a04   0x00000004   PAD
    0x20000740        -       0x00000200   Zero   RW         3700    HEAP                startup_stm32f10x_md.o
    0x20000940        -       0x00000400   Zero   RW         3699    STACK               startup_stm32f10x_md.o


==============================================================================

Image component sizes


      Code (inc. data)   RO Data    RW Data    ZI Data      Debug   Object Name

       238         14          0          0          0       1759   adc.o
      1704        284          0         64          0       7811   control.o
       144         22          0          4          0       1200   delay.o
       510         34          0          0          0       3982   encoder.o
         0          0          0          0          0        460   font4x6_ascii.o
         0          0        848          0          0        659   font6x8_ascii.o
        56          6          0          0          0        483   led.o
       148         16          0        120          0      36356   main.o
       172         76         27         36          0       2654   menu.o
       172         22          0          0          0       2089   misc.o
       668         18          0          0          0     215457   oled.o
       160         24          0          0       1024       5143   solgui_common.o
       550          0          0          0          0       2812   solgui_gbasic.o
        28          0          0          0          0     202796   solgui_hardware.o
       328         60          0         13          0       3978   solgui_menu.o
      1540         10          0          8          0       5542   solgui_printf.o
       760         34          0          9         28       5600   solgui_widget.o
        64         26        236          0       1536        824   startup_stm32f10x_md.o
       486         24          0          0          0       8598   stm32f10x_adc.o
        12          6          0          0          0        525   stm32f10x_exti.o
       430          6          0          0          0       3874   stm32f10x_gpio.o
        26          0          0          0          0      47226   stm32f10x_it.o
       332         44          0         20          0       5546   stm32f10x_rcc.o
      1584        180          0          0          0      17796   stm32f10x_tim.o
       408          6          0          0          0       5002   stm32f10x_usart.o
         0          0          0          0          0         32   sys.o
       328         28          0         20          0       2293   system_stm32f10x.o
      1420        226          0          0          0       2466   test.o
        92          4          0          0          0        656   timer.o
         4          0          0          0          0        456   usart.o
       296         22          0          2        400       2009   wifi.o

    ----------------------------------------------------------------------
     12696       1192       1146        304       2988     596084   Object Totals
         0          0         32          0          0          0   (incl. Generated)
        36          0          3          8          0          0   (incl. Padding)

    ----------------------------------------------------------------------

      Code (inc. data)   RO Data    RW Data    ZI Data      Debug   Library Member Name

        90          0          0          0          0          0   __dczerorl2.o
         8          0          0          0          0         68   __main.o
         0          0          0          0          0          0   __rtentry.o
        12          0          0          0          0          0   __rtentry2.o
         6          0          0          0          0          0   __rtentry4.o
        52          8          0          0          0          0   __scatter.o
        28          0          0          0          0          0   __scatter_zi.o
        18          0          0          0          0         80   exit.o
         6          0          0          0          0        152   heapauxi.o
         2          0          0          0          0          0   libinit.o
         2          0          0          0          0          0   libinit2.o
         2          0          0          0          0          0   libshutdown.o
         2          0          0          0          0          0   libshutdown2.o
         8          4          0          0         96         68   libspace.o
        68          0          0          0          0         68   rt_memclr.o
        78          0          0          0          0         80   rt_memclr_w.o
         2          0          0          0          0          0   rtexit.o
        10          0          0          0          0          0   rtexit2.o
       128          0          0          0          0         68   strcmpv7m.o
        62          0          0          0          0         76   strlen.o
        74          0          0          0          0         80   sys_stackheap_outer.o
         2          0          0          0          0         68   use_no_semi.o
         2          0          0          0          0         68   use_no_semi_2.o
        98          4          0          0          0         92   d2f.o
       826         16          0          0          0        348   daddsub_clz.o
        24          0          0          0          0         68   dcmpi.o
       688        140          0          0          0        208   ddiv.o
        94          4          0          0          0         92   dfix.o
        90          4          0          0          0         92   dfixu.o
        84          0          0          0          0        136   dflt_clz.o
       120          4          0          0          0         92   dleqf.o
       340         12          0          0          0        104   dmul.o
       156          4          0          0          0         92   dnaninf.o
        12          0          0          0          0         68   dretinf.o
       108          0          0          0          0         80   drleqf.o
        86          4          0          0          0         84   f2d.o
       430          8          0          0          0        168   faddsub_clz.o
        24          0          0          0          0         68   fcmpi.o
       388         76          0          0          0         96   fdiv.o
        54          4          0          0          0         84   ffix.o
        86          0          0          0          0        136   fflt_clz.o
       104          4          0          0          0         84   fleqf.o
       258          4          0          0          0         84   fmul.o
       140          4          0          0          0         84   fnaninf.o
        10          0          0          0          0         68   fretinf.o
        98          0          0          0          0         68   frleqf.o
         0          0          0          0          0          0   usenofp.o

    ----------------------------------------------------------------------
      5002        304          0          0        100       3372   Library Totals
        22          0          0          0          4          0   (incl. Padding)

    ----------------------------------------------------------------------

      Code (inc. data)   RO Data    RW Data    ZI Data      Debug   Library Name

       662         12          0          0         96        876   c_w.l
      4318        292          0          0          0       2496   fz_ws.l

    ----------------------------------------------------------------------
      5002        304          0          0        100       3372   Library Totals

    ----------------------------------------------------------------------

==============================================================================


      Code (inc. data)   RO Data    RW Data    ZI Data      Debug   

     17698       1496       1146        304       3088     590820   Grand Totals
     17698       1496       1146        104       3088     590820   ELF Image Totals (compressed)
     17698       1496       1146        104          0          0   ROM Totals

==============================================================================

    Total RO  Size (Code + RO Data)                18844 (  18.40kB)
    Total RW  Size (RW Data + ZI Data)              3392 (   3.31kB)
    Total ROM Size (Code + RO Data + RW Data)      18948 (  18.50kB)

==============================================================================

